C51 COMPILER V9.60.0.0   EVENT                                                             01/29/2022 08:23:50 PAGE 1   


C51 COMPILER V9.60.0.0, COMPILATION OF MODULE EVENT
OBJECT MODULE PLACED IN .\Objects\event.obj
COMPILER INVOKED BY: C:\Keil_v5\C51\BIN\C51.EXE event.c OPTIMIZE(8,SPEED) BROWSE INCDIR(.\INC) DEFINE(FOSC_160000) DEBUG
                    - OBJECTEXTEND PRINT(.\Listings\event.lst) TABS(2) OBJECT(.\Objects\event.obj)

line level    source

   1          #include "MS51.h"
   2          #include "Common.h"
   3          #include "Delay.h"
   4          #include "SFR_Macro.h"
   5          #include "Function_define.h"
   6          #include "event.h"
   7          
   8          
   9          /*void INT0_ISR(void) interrupt 0
  10          {
  11            if (P17 == 1) 
  12            {
  13              u16_count++;
  14              if (u16_count > 159)
  15              {
  16                u16_count = 159;
  17              }
  18            }
  19            else 
  20            {
  21              u16_count--;
  22              if (u16_count < 0)
  23              {
  24                u16_count = 0;
  25              }
  26            }
  27          }*/
  28          void INT0_ISR(void) interrupt 0
  29          {
  30   1        if (P17 == 1) 
  31   1        {
  32   2          if (u16_count > 17.9) u16_count = 18.0;
  33   2          else u16_count+=0.1;
  34   2        }
  35   1        else 
  36   1        {
  37   2          if (u16_count < 2.2) u16_count = 2.1;
  38   2          else u16_count-=0.1;
  39   2        }
  40   1      }


MODULE INFORMATION:   STATIC OVERLAYABLE
   CODE SIZE        =    179    ----
   CONSTANT SIZE    =   ----    ----
   XDATA SIZE       =   ----    ----
   PDATA SIZE       =   ----    ----
   DATA SIZE        =      4    ----
   IDATA SIZE       =   ----    ----
   BIT SIZE         =   ----    ----
END OF MODULE INFORMATION.


C51 COMPILATION COMPLETE.  0 WARNING(S),  0 ERROR(S)
