BL51 BANKED LINKER/LOCATER V6.22.2.0                                                    03/23/2022  14:32:59  PAGE 1


BL51 BANKED LINKER/LOCATER V6.22.2.0, INVOKED BY:
C:\KEIL_V5\C51\BIN\BL51.EXE .\Objects\Common.obj, .\Objects\Delay.obj, .\Objects\main.obj, .\Objects\HW_init.obj, .\Obje
>> cts\oled_i2c.obj, .\Objects\STARTUP.obj TO .\Objects\Test_MS51_Oled PRINT (.\Listings\Test_MS51_Oled.m51) RAMSIZE (25
>> 6) DISABLEWARNING (16)


MEMORY MODEL: SMALL WITH FLOATING POINT ARITHMETIC


INPUT MODULES INCLUDED:
  .\Objects\Common.obj (COMMON)
  .\Objects\Delay.obj (DELAY)
  .\Objects\main.obj (MAIN)
  .\Objects\HW_init.obj (HW_INIT)
  .\Objects\oled_i2c.obj (OLED_I2C)
  .\Objects\STARTUP.obj (?C_STARTUP)
  C:\KEIL_V5\C51\LIB\C51FPS.LIB (?C?FPADD)
  C:\KEIL_V5\C51\LIB\C51FPS.LIB (?C?FPMUL)
  C:\KEIL_V5\C51\LIB\C51FPS.LIB (?C?FPCMP)
  C:\KEIL_V5\C51\LIB\C51FPS.LIB (?C?FCAST)
  C:\KEIL_V5\C51\LIB\C51FPS.LIB (?C?CASTF)
  C:\KEIL_V5\C51\LIB\C51FPS.LIB (?C?FPGETOPN)
  C:\KEIL_V5\C51\LIB\C51S.LIB (?C_INIT)
  C:\KEIL_V5\C51\LIB\C51S.LIB (?C?CLDOPTR)
  C:\KEIL_V5\C51\LIB\C51S.LIB (?C?IMUL)
  C:\KEIL_V5\C51\LIB\C51S.LIB (?C?UIDIV)
  C:\KEIL_V5\C51\LIB\C51S.LIB (?C?ULDIV)
  C:\KEIL_V5\C51\LIB\C51S.LIB (?C?LNEG)
  C:\KEIL_V5\C51\LIB\C51S.LIB (?C?ULCMP)
  C:\KEIL_V5\C51\LIB\C51S.LIB (?C?ULSHR)


LINK MAP OF MODULE:  .\Objects\Test_MS51_Oled (COMMON)


            TYPE    BASE      LENGTH    RELOCATION   SEGMENT NAME
            -----------------------------------------------------

            * * * * * * *   D A T A   M E M O R Y   * * * * * * *
            REG     0000H     0008H     ABSOLUTE     "REG BANK 0"
            DATA    0008H     000BH     UNIT         ?DT?_OLED_SHOWFLOATNUM?OLED_I2C
            DATA    0013H     0004H     UNIT         ?DT?_INITIALUART0_TIMER3?COMMON
            DATA    0017H     0004H     UNIT         ?DT?_INITIALUART1_TIMER3?COMMON
            DATA    001BH     0004H     UNIT         ?DT?_TIMER0_DELAY100US?DELAY
            DATA    001FH     0001H     UNIT         ?DT?OLED_UPDATE?OLED_I2C
            BIT     0020H.0   0000H.1   UNIT         ?BI?DELAY
                    0020H.1   0000H.7                *** GAP ***
            DATA    0021H     0024H     UNIT         _DATA_GROUP_
            DATA    0045H     001EH     UNIT         ?DT?MAIN
            DATA    0063H     0004H     UNIT         ?DT?_TIMER2_DELAY500US?DELAY
            DATA    0067H     0004H     UNIT         ?DT?_TIMER3_DELAY10US?DELAY
            DATA    006BH     0002H     UNIT         ?DT?_FILL_PICTURE?OLED_I2C
            IDATA   006DH     0001H     UNIT         ?STACK

            * * * * * * *   C O D E   M E M O R Y   * * * * * * *
            CODE    0000H     0003H     ABSOLUTE     
            CODE    0003H     0003H     ABSOLUTE     
            CODE    0006H     0013H     UNIT         ?PR?IIC_WAIT_ACK?OLED_I2C
BL51 BANKED LINKER/LOCATER V6.22.2.0                                                  03/23/2022  14:32:59  PAGE 2


                    0019H     0002H                  *** GAP ***
            CODE    001BH     0003H     ABSOLUTE     
            CODE    001EH     003AH     UNIT         ?PR?INITPWM?HW_INIT
                    0058H     0003H                  *** GAP ***
            CODE    005BH     0003H     ABSOLUTE     
            CODE    005EH     1142H     UNIT         ?CO?HW_INIT
            CODE    11A0H     0818H     UNIT         ?CO?OLED_I2C
            CODE    19B8H     04CAH     UNIT         ?C?LIB_CODE
            CODE    1E82H     0360H     UNIT         ?CO?MAIN
            CODE    21E2H     0331H     UNIT         ?PR?MAIN?MAIN
            CODE    2513H     016BH     UNIT         ?PR?INT0_ISR?MAIN
            CODE    267EH     00E6H     UNIT         ?PR?TIM1_ISR?MAIN
            CODE    2764H     00E3H     UNIT         ?PR?OLED_INIT?OLED_I2C
            CODE    2847H     00DBH     UNIT         ?PR?_OLED_SHOWCHAR?OLED_I2C
            CODE    2922H     00CDH     UNIT         ?PR?_SHOW_VOLTAGE?HW_INIT
            CODE    29EFH     00C2H     UNIT         ?PR?_NUM_FLOAT?HW_INIT
            CODE    2AB1H     00C2H     UNIT         ?PR?_NUM_DONVI?HW_INIT
            CODE    2B73H     00C2H     UNIT         ?PR?_NUM_CHUC?HW_INIT
            CODE    2C35H     00ACH     UNIT         ?C_C51STARTUP
            CODE    2CE1H     009FH     UNIT         ?PR?_OLED_SHOWFLOATNUM?OLED_I2C
            CODE    2D80H     0098H     UNIT         ?PR?HW_INIT?HW_INIT
            CODE    2E18H     007AH     UNIT         ?PR?_OLED_SHOWNUM?OLED_I2C
            CODE    2E92H     0069H     UNIT         ?PR?_INITIALUART0_TIMER3?COMMON
            CODE    2EFBH     0069H     UNIT         ?PR?DISPLAYPROTECT?HW_INIT
            CODE    2F64H     0069H     UNIT         ?PR?_OLED_DRAWBMP?OLED_I2C
            CODE    2FCDH     0064H     UNIT         ?PR?_INITIALUART1_TIMER3?COMMON
            CODE    3031H     0064H     UNIT         ?PR?ADC_ISR?MAIN
            CODE    3095H     0050H     UNIT         ?PR?_TIMER3_DELAY100MS?DELAY
            CODE    30E5H     0050H     UNIT         ?PR?_TIMER3_DELAY10US?DELAY
            CODE    3135H     004EH     UNIT         ?PR?_TIMER2_DELAY500US?DELAY
            CODE    3183H     004BH     UNIT         ?PR?_TIMER0_DELAY100US?DELAY
            CODE    31CEH     004BH     UNIT         ?PR?_TIMER0_DELAY1MS?DELAY
            CODE    3219H     004BH     UNIT         ?PR?_TIMER1_DELAY10MS?DELAY
            CODE    3264H     0044H     UNIT         ?PR?_OLED_SHOWSTRING?OLED_I2C
            CODE    32A8H     003FH     UNIT         ?C_INITSEG
            CODE    32E7H     0039H     UNIT         ?PR?_INITIALUART0_TIMER1?COMMON
            CODE    3320H     0035H     UNIT         ?PR?_FILL_PICTURE?OLED_I2C
            CODE    3355H     0033H     UNIT         ?PR?OLED_UPDATE?OLED_I2C
            CODE    3388H     0032H     UNIT         ?PR?OLED_CLEAR?OLED_I2C
            CODE    33BAH     0031H     UNIT         ?PR?_WRITE_IIC_BYTE?OLED_I2C
            CODE    33EBH     0030H     UNIT         ?PR?EXT0_CONFIG?HW_INIT
            CODE    341BH     002CH     UNIT         ?PR?_OLED_WR_BYTE?OLED_I2C
            CODE    3447H     002CH     UNIT         ?PR?_OLED_SET_POS?OLED_I2C
            CODE    3473H     002BH     UNIT         ?PR?ADC_READ?HW_INIT
            CODE    349EH     0023H     UNIT         ?PR?DISPLAY_CONT_ON?HW_INIT
            CODE    34C1H     0023H     UNIT         ?PR?DISPLAY_CONT_OFF?HW_INIT
            CODE    34E4H     001FH     UNIT         ?PR?_SET_ADC_COMPARATOR_VALUE?HW_INIT
            CODE    3503H     001AH     UNIT         ?PR?SW_RESET?HW_INIT
            CODE    351DH     0018H     UNIT         ?PR?_OLED_POW?OLED_I2C
            CODE    3535H     0017H     UNIT         ?PR?OLED_DISPLAY_ON?OLED_I2C
            CODE    354CH     0016H     UNIT         ?PR?INITTIMER1?HW_INIT
            CODE    3562H     0012H     UNIT         ?PR?INIT_I2C?OLED_I2C
            CODE    3574H     0011H     UNIT         ?PR?OLED_DISPLAY_OFF?OLED_I2C
            CODE    3585H     000EH     UNIT         ?PR?_WRITE_IIC_COMMAND?OLED_I2C
            CODE    3593H     000EH     UNIT         ?PR?_WRITE_IIC_DATA?OLED_I2C
            CODE    35A1H     000CH     UNIT         ?PR?_PWM_DUTY?HW_INIT
            CODE    35ADH     0009H     UNIT         ?PR?IIC_START?OLED_I2C
BL51 BANKED LINKER/LOCATER V6.22.2.0                                                  03/23/2022  14:32:59  PAGE 3


            CODE    35B6H     0008H     UNIT         ?PR?RECEIVE_DATA_FROM_UART0?COMMON
            CODE    35BEH     0008H     UNIT         ?PR?_SEND_DATA_TO_UART0?COMMON
            CODE    35C6H     0008H     UNIT         ?PR?RECEIVE_DATA_FROM_UART1?COMMON
            CODE    35CEH     0008H     UNIT         ?PR?_SEND_DATA_TO_UART1?COMMON
            CODE    35D6H     0007H     UNIT         ?PR?IIC_STOP?OLED_I2C



OVERLAY MAP OF MODULE:   .\Objects\Test_MS51_Oled (COMMON)


SEGMENT                                         DATA_GROUP 
  +--> CALLED SEGMENT                         START    LENGTH
-------------------------------------------------------------
?PR?ADC_ISR?MAIN                              -----    -----
  +--> ?PR?ADC_READ?HW_INIT
  +--> ?PR?_PWM_DUTY?HW_INIT
  +--> ?PR?DISPLAYPROTECT?HW_INIT
  +--> ?PR?SW_RESET?HW_INIT

?PR?DISPLAYPROTECT?HW_INIT                    -----    -----
  +--> ?CO?HW_INIT
  +--> ?PR?_OLED_DRAWBMP?OLED_I2C
  +--> ?PR?_TIMER0_DELAY1MS?DELAY
  +--> ?PR?OLED_CLEAR?OLED_I2C

?PR?_OLED_DRAWBMP?OLED_I2C                    003AH    000BH
  +--> ?PR?_OLED_SET_POS?OLED_I2C
  +--> ?PR?_OLED_WR_BYTE?OLED_I2C

?PR?_OLED_SET_POS?OLED_I2C                    -----    -----
  +--> ?PR?_OLED_WR_BYTE?OLED_I2C

?PR?_OLED_WR_BYTE?OLED_I2C                    -----    -----
  +--> ?PR?_WRITE_IIC_DATA?OLED_I2C
  +--> ?PR?_WRITE_IIC_COMMAND?OLED_I2C

?PR?_WRITE_IIC_DATA?OLED_I2C                  -----    -----
  +--> ?PR?_WRITE_IIC_BYTE?OLED_I2C
  +--> ?PR?IIC_WAIT_ACK?OLED_I2C
  +--> ?PR?IIC_STOP?OLED_I2C

?PR?_WRITE_IIC_BYTE?OLED_I2C                  -----    -----
  +--> ?PR?IIC_START?OLED_I2C

?PR?IIC_WAIT_ACK?OLED_I2C                     -----    -----
  +--> ?PR?_WRITE_IIC_BYTE?OLED_I2C

?PR?_WRITE_IIC_COMMAND?OLED_I2C               -----    -----
  +--> ?PR?_WRITE_IIC_BYTE?OLED_I2C
  +--> ?PR?IIC_WAIT_ACK?OLED_I2C
  +--> ?PR?IIC_STOP?OLED_I2C

?PR?_TIMER0_DELAY1MS?DELAY                    0030H    0004H

?PR?OLED_CLEAR?OLED_I2C                       0030H    0001H
  +--> ?PR?_OLED_WR_BYTE?OLED_I2C
BL51 BANKED LINKER/LOCATER V6.22.2.0                                                  03/23/2022  14:32:59  PAGE 4



*** NEW ROOT ***************************************************

?PR?INT0_ISR?MAIN                             -----    -----
  +--> ?PR?_TIMER1_DELAY10MS?DELAY

?PR?_TIMER1_DELAY10MS?DELAY                   002CH    0004H

*** NEW ROOT ***************************************************

?PR?TIM1_ISR?MAIN                             -----    -----
  +--> ?PR?OLED_DISPLAY_OFF?OLED_I2C
  +--> ?PR?_PWM_DUTY?HW_INIT

?PR?OLED_DISPLAY_OFF?OLED_I2C                 -----    -----
  +--> ?PR?_OLED_WR_BYTE?OLED_I2C

*** NEW ROOT ***************************************************

?C_C51STARTUP                                 -----    -----
  +--> ?PR?MAIN?MAIN
  +--> ?C_INITSEG

?PR?MAIN?MAIN                                 -----    -----
  +--> ?PR?HW_INIT?HW_INIT
  +--> ?PR?_PWM_DUTY?HW_INIT
  +--> ?PR?_TIMER0_DELAY1MS?DELAY
  +--> ?PR?OLED_CLEAR?OLED_I2C
  +--> ?PR?OLED_DISPLAY_OFF?OLED_I2C
  +--> ?PR?OLED_DISPLAY_ON?OLED_I2C
  +--> ?PR?SW_RESET?HW_INIT
  +--> ?CO?MAIN
  +--> ?PR?_OLED_DRAWBMP?OLED_I2C
  +--> ?PR?_TIMER3_DELAY100MS?DELAY
  +--> ?PR?_SHOW_VOLTAGE?HW_INIT
  +--> ?PR?_OLED_SHOWSTRING?OLED_I2C
  +--> ?PR?_OLED_SHOWNUM?OLED_I2C

?PR?HW_INIT?HW_INIT                           -----    -----
  +--> ?PR?EXT0_CONFIG?HW_INIT
  +--> ?PR?INITPWM?HW_INIT
  +--> ?PR?INITTIMER1?HW_INIT
  +--> ?PR?OLED_INIT?OLED_I2C
  +--> ?CO?HW_INIT
  +--> ?PR?_OLED_DRAWBMP?OLED_I2C
  +--> ?PR?_TIMER0_DELAY1MS?DELAY
  +--> ?PR?OLED_CLEAR?OLED_I2C
  +--> ?PR?_NUM_DONVI?HW_INIT
  +--> ?PR?_NUM_FLOAT?HW_INIT

?PR?OLED_INIT?OLED_I2C                        -----    -----
  +--> ?PR?INIT_I2C?OLED_I2C
  +--> ?PR?_OLED_WR_BYTE?OLED_I2C

?PR?_NUM_DONVI?HW_INIT                        -----    -----
  +--> ?CO?HW_INIT
  +--> ?PR?_OLED_DRAWBMP?OLED_I2C
BL51 BANKED LINKER/LOCATER V6.22.2.0                                                  03/23/2022  14:32:59  PAGE 5



?PR?_NUM_FLOAT?HW_INIT                        -----    -----
  +--> ?CO?HW_INIT
  +--> ?PR?_OLED_DRAWBMP?OLED_I2C

?PR?OLED_DISPLAY_ON?OLED_I2C                  -----    -----
  +--> ?PR?_OLED_WR_BYTE?OLED_I2C

?PR?_TIMER3_DELAY100MS?DELAY                  0030H    0004H

?PR?_SHOW_VOLTAGE?HW_INIT                     0030H    000AH
  +--> ?PR?_NUM_CHUC?HW_INIT
  +--> ?CO?HW_INIT
  +--> ?PR?_OLED_DRAWBMP?OLED_I2C
  +--> ?PR?_NUM_DONVI?HW_INIT
  +--> ?PR?_NUM_FLOAT?HW_INIT

?PR?_NUM_CHUC?HW_INIT                         -----    -----
  +--> ?CO?HW_INIT
  +--> ?PR?_OLED_DRAWBMP?OLED_I2C

?PR?_OLED_SHOWSTRING?OLED_I2C                 0030H    0007H
  +--> ?PR?_OLED_SHOWCHAR?OLED_I2C

?PR?_OLED_SHOWCHAR?OLED_I2C                   0039H    0005H
  +--> ?PR?_OLED_SET_POS?OLED_I2C
  +--> ?CO?OLED_I2C
  +--> ?PR?_OLED_WR_BYTE?OLED_I2C

?PR?_OLED_SHOWNUM?OLED_I2C                    0030H    0009H
  +--> ?PR?_OLED_POW?OLED_I2C
  +--> ?PR?_OLED_SHOWCHAR?OLED_I2C

?PR?_OLED_POW?OLED_I2C                        0039H    0001H



SYMBOL TABLE OF MODULE:  .\Objects\Test_MS51_Oled (COMMON)

  VALUE           TYPE          NAME
  ----------------------------------

  -------         MODULE        COMMON
  C:0000H         SYMBOL        _ICE_DUMMY_
  D:00B1H         PUBLIC        P0M1
  D:00B3H         PUBLIC        P1M1
  D:00B2H         PUBLIC        P0M2
  D:0080H         PUBLIC        P0
  D:00B4H         PUBLIC        P1M2
  D:0090H         PUBLIC        P1
  D:00A0H         PUBLIC        P2
  D:00B0H         PUBLIC        P3
  D:00D8H         PUBLIC        PWMCON0
  D:00A8H         PUBLIC        IE
  D:00B8H         PUBLIC        IP
  B:0098H.0       PUBLIC        RI
  B:0098H.1       PUBLIC        TI
BL51 BANKED LINKER/LOCATER V6.22.2.0                                                  03/23/2022  14:32:59  PAGE 6


  B:00F8H.0       PUBLIC        RI_1
  B:00F8H.1       PUBLIC        TI_1
  D:0099H         PUBLIC        SBUF
  D:0087H         PUBLIC        PCON
  D:0098H         PUBLIC        SCON
  D:0089H         PUBLIC        TMOD
  D:0088H         PUBLIC        TCON
  D:009AH         PUBLIC        SBUF_1
  D:00F8H         PUBLIC        SCON_1
  D:00C6H         PUBLIC        RH3
  D:008DH         PUBLIC        TH1
  D:00C5H         PUBLIC        RL3
  C:32E7H         PUBLIC        _InitialUART0_Timer1
  C:2E92H         PUBLIC        _InitialUART0_Timer3
  C:2FCDH         PUBLIC        _InitialUART1_Timer3
  B:0088H.6       PUBLIC        TR1
  D:00E8H         PUBLIC        ADCCON0
  C:35BEH         PUBLIC        _Send_Data_To_UART0
  C:35CEH         PUBLIC        _Send_Data_To_UART1
  D:00C0H         PUBLIC        I2CON
  D:00C8H         PUBLIC        T2CON
  D:00C4H         PUBLIC        T3CON
  C:35B6H         PUBLIC        Receive_Data_From_UART0
  C:35C6H         PUBLIC        Receive_Data_From_UART1
  D:008EH         PUBLIC        CKCON
  D:00D0H         PUBLIC        PSW
  -------         PROC          _INITIALUART0_TIMER1
  D:0004H         SYMBOL        u32Baudrate
  C:32E7H         LINE#         23
  C:32E7H         LINE#         24
  C:32E7H         LINE#         25
  C:32EDH         LINE#         26
  C:32F3H         LINE#         28
  C:32F6H         LINE#         29
  C:32F9H         LINE#         31
  C:32FCH         LINE#         32
  C:32FFH         LINE#         33
  C:3302H         LINE#         36
  C:331BH         LINE#         41
  C:331DH         LINE#         42
  C:331FH         LINE#         43
  -------         ENDPROC       _INITIALUART0_TIMER1
  -------         PROC          _INITIALUART0_TIMER3
  D:0013H         SYMBOL        u32Baudrate
  C:2E92H         LINE#         45
  C:2E9AH         LINE#         46
  C:2E9AH         LINE#         47
  C:2EA0H         LINE#         48
  C:2EA6H         LINE#         50
  C:2EA9H         LINE#         51
  C:2EACH         LINE#         52
  C:2EAFH         LINE#         53
  C:2EB2H         LINE#         56
  C:2EDBH         LINE#         57
  C:2EF5H         LINE#         63
  C:2EF8H         LINE#         64
  C:2EFAH         LINE#         65
BL51 BANKED LINKER/LOCATER V6.22.2.0                                                  03/23/2022  14:32:59  PAGE 7


  -------         ENDPROC       _INITIALUART0_TIMER3
  -------         PROC          RECEIVE_DATA_FROM_UART0
  -------         DO            
  D:0007H         SYMBOL        c
  -------         ENDDO         
  C:35B6H         LINE#         67
  C:35B6H         LINE#         68
  C:35B6H         LINE#         70
  C:35B9H         LINE#         71
  C:35BBH         LINE#         72
  C:35BDH         LINE#         73
  C:35BDH         LINE#         74
  -------         ENDPROC       RECEIVE_DATA_FROM_UART0
  -------         PROC          _SEND_DATA_TO_UART0
  D:0007H         SYMBOL        c
  C:35BEH         LINE#         76
  C:35BEH         LINE#         77
  C:35BEH         LINE#         78
  C:35C0H         LINE#         79
  C:35C2H         LINE#         80
  C:35C5H         LINE#         81
  -------         ENDPROC       _SEND_DATA_TO_UART0
  -------         PROC          _INITIALUART1_TIMER3
  D:0017H         SYMBOL        u32Baudrate
  C:2FCDH         LINE#         87
  C:2FD5H         LINE#         88
  C:2FD5H         LINE#         89
  C:2FDBH         LINE#         90
  C:2FE1H         LINE#         92
  C:2FE4H         LINE#         93
  C:2FE7H         LINE#         94
  C:2FEAH         LINE#         97
  C:3013H         LINE#         98
  C:302DH         LINE#         104
  C:3030H         LINE#         105
  -------         ENDPROC       _INITIALUART1_TIMER3
  -------         PROC          RECEIVE_DATA_FROM_UART1
  -------         DO            
  D:0007H         SYMBOL        c
  -------         ENDDO         
  C:35C6H         LINE#         107
  C:35C6H         LINE#         108
  C:35C6H         LINE#         111
  C:35C9H         LINE#         112
  C:35CBH         LINE#         113
  C:35CDH         LINE#         114
  C:35CDH         LINE#         115
  -------         ENDPROC       RECEIVE_DATA_FROM_UART1
  -------         PROC          _SEND_DATA_TO_UART1
  D:0007H         SYMBOL        c
  C:35CEH         LINE#         117
  C:35CEH         LINE#         118
  C:35CEH         LINE#         119
  C:35D0H         LINE#         120
  C:35D2H         LINE#         121
  C:35D5H         LINE#         122
  -------         ENDPROC       _SEND_DATA_TO_UART1
BL51 BANKED LINKER/LOCATER V6.22.2.0                                                  03/23/2022  14:32:59  PAGE 8


  -------         ENDMOD        COMMON

  -------         MODULE        DELAY
  C:0000H         SYMBOL        _ICE_DUMMY_
  D:0080H         PUBLIC        P0
  D:0090H         PUBLIC        P1
  D:00A0H         PUBLIC        P2
  C:3183H         PUBLIC        _Timer0_Delay100us
  D:00B0H         PUBLIC        P3
  D:00D8H         PUBLIC        PWMCON0
  C:3135H         PUBLIC        _Timer2_Delay500us
  D:00A8H         PUBLIC        IE
  D:00B8H         PUBLIC        IP
  C:31CEH         PUBLIC        _Timer0_Delay1ms
  B:0020H.0       PUBLIC        BIT_TMP
  D:0098H         PUBLIC        SCON
  D:0089H         PUBLIC        TMOD
  D:0088H         PUBLIC        TCON
  D:00F8H         PUBLIC        SCON_1
  B:0088H.5       PUBLIC        TF0
  C:3219H         PUBLIC        _Timer1_Delay10ms
  B:0088H.7       PUBLIC        TF1
  B:00C8H.7       PUBLIC        TF2
  D:008CH         PUBLIC        TH0
  D:00C6H         PUBLIC        RH3
  D:008DH         PUBLIC        TH1
  D:00CDH         PUBLIC        TH2
  D:008AH         PUBLIC        TL0
  D:00C5H         PUBLIC        RL3
  D:008BH         PUBLIC        TL1
  D:00CCH         PUBLIC        TL2
  C:30E5H         PUBLIC        _Timer3_Delay10us
  B:0088H.4       PUBLIC        TR0
  B:0088H.6       PUBLIC        TR1
  B:00C8H.2       PUBLIC        TR2
  D:00E8H         PUBLIC        ADCCON0
  D:00C0H         PUBLIC        I2CON
  D:00C9H         PUBLIC        T2MOD
  D:00C8H         PUBLIC        T2CON
  D:00C4H         PUBLIC        T3CON
  D:008EH         PUBLIC        CKCON
  D:00D0H         PUBLIC        PSW
  C:3095H         PUBLIC        _Timer3_Delay100ms
  -------         PROC          _TIMER0_DELAY100US
  D:001BH         SYMBOL        u32CNT
  C:3183H         LINE#         22
  C:318BH         LINE#         23
  C:318BH         LINE#         24
  C:318EH         LINE#         25
  C:3191H         LINE#         26
  C:3193H         LINE#         27
  C:31A6H         LINE#         28
  C:31A6H         LINE#         29
  C:31A9H         LINE#         30
  C:31ACH         LINE#         31
  C:31AFH         LINE#         32
  C:31B1H         LINE#         33
BL51 BANKED LINKER/LOCATER V6.22.2.0                                                  03/23/2022  14:32:59  PAGE 9


  C:31C9H         LINE#         34
  C:31CBH         LINE#         35
  C:31CDH         LINE#         36
  -------         ENDPROC       _TIMER0_DELAY100US
  -------         PROC          _TIMER0_DELAY1MS
  D:0030H         SYMBOL        u32CNT
  C:31CEH         LINE#         38
  C:31D6H         LINE#         39
  C:31D6H         LINE#         40
  C:31D9H         LINE#         41
  C:31DCH         LINE#         42
  C:31DEH         LINE#         43
  C:31F1H         LINE#         44
  C:31F1H         LINE#         45
  C:31F4H         LINE#         46
  C:31F7H         LINE#         47
  C:31FAH         LINE#         48
  C:31FCH         LINE#         49
  C:3214H         LINE#         50
  C:3216H         LINE#         51
  C:3218H         LINE#         52
  -------         ENDPROC       _TIMER0_DELAY1MS
  -------         PROC          _TIMER1_DELAY10MS
  D:002CH         SYMBOL        u32CNT
  C:3219H         LINE#         55
  C:3221H         LINE#         56
  C:3221H         LINE#         57
  C:3224H         LINE#         58
  C:3227H         LINE#         59
  C:3229H         LINE#         60
  C:323CH         LINE#         61
  C:323CH         LINE#         62
  C:323FH         LINE#         63
  C:3242H         LINE#         64
  C:3245H         LINE#         65
  C:3247H         LINE#         66
  C:325FH         LINE#         67
  C:3261H         LINE#         68
  C:3263H         LINE#         69
  -------         ENDPROC       _TIMER1_DELAY10MS
  -------         PROC          _TIMER2_DELAY500US
  D:0063H         SYMBOL        u32CNT
  C:3135H         LINE#         71
  C:313DH         LINE#         72
  C:313DH         LINE#         73
  C:3140H         LINE#         74
  C:3143H         LINE#         75
  C:3146H         LINE#         76
  C:3148H         LINE#         77
  C:315BH         LINE#         78
  C:315BH         LINE#         79
  C:315EH         LINE#         80
  C:3161H         LINE#         81
  C:3164H         LINE#         82
  C:3166H         LINE#         83
  C:317EH         LINE#         84
  C:3180H         LINE#         85
BL51 BANKED LINKER/LOCATER V6.22.2.0                                                  03/23/2022  14:32:59  PAGE 10


  C:3182H         LINE#         86
  -------         ENDPROC       _TIMER2_DELAY500US
  -------         PROC          _TIMER3_DELAY100MS
  D:0030H         SYMBOL        u32CNT
  C:3095H         LINE#         88
  C:309DH         LINE#         89
  C:309DH         LINE#         90
  C:30A0H         LINE#         91
  C:30A3H         LINE#         92
  C:30B6H         LINE#         93
  C:30B6H         LINE#         94
  C:30B9H         LINE#         95
  C:30BCH         LINE#         96
  C:30C4H         LINE#         97
  C:30C7H         LINE#         98
  C:30DFH         LINE#         99
  C:30E1H         LINE#         100
  C:30E4H         LINE#         101
  -------         ENDPROC       _TIMER3_DELAY100MS
  -------         PROC          _TIMER3_DELAY10US
  D:0067H         SYMBOL        u32CNT
  C:30E5H         LINE#         103
  C:30EDH         LINE#         104
  C:30EDH         LINE#         105
  C:30F0H         LINE#         106
  C:30F3H         LINE#         107
  C:3106H         LINE#         108
  C:3106H         LINE#         109
  C:3109H         LINE#         110
  C:310CH         LINE#         111
  C:3114H         LINE#         112
  C:3117H         LINE#         113
  C:312FH         LINE#         114
  C:3131H         LINE#         115
  C:3134H         LINE#         116
  -------         ENDPROC       _TIMER3_DELAY10US
  -------         ENDMOD        DELAY

  -------         MODULE        MAIN
  C:0000H         SYMBOL        _ICE_DUMMY_
  D:00B3H         PUBLIC        P1M1
  D:0080H         PUBLIC        P0
  D:0045H         PUBLIC        u8_cntCur
  D:00B4H         PUBLIC        P1M2
  D:0090H         PUBLIC        P1
  D:00A0H         PUBLIC        P2
  D:00B0H         PUBLIC        P3
  D:0046H         PUBLIC        u32_duty
  D:004AH         PUBLIC        u32_countSec
  D:004EH         PUBLIC        u16_duty
  D:00D8H         PUBLIC        PWMCON0
  C:1F02H         PUBLIC        pedal
  D:0050H         PUBLIC        u32_countMin
  C:216AH         PUBLIC        clean_mode
  D:00A8H         PUBLIC        IE
  B:00E8H.7       PUBLIC        ADCF
  C:3031H         PUBLIC        ADC_ISR
BL51 BANKED LINKER/LOCATER V6.22.2.0                                                  03/23/2022  14:32:59  PAGE 11


  D:00B8H         PUBLIC        IP
  B:00E8H.6       PUBLIC        ADCS
  C:1F7AH         PUBLIC        pedal_lcd
  D:0054H         PUBLIC        u8_pedalStatus
  D:0055H         PUBLIC        u8_switch
  C:21E2H         PUBLIC        main
  D:0056H         PUBLIC        u8_sleep
  D:0057H         PUBLIC        adc_value
  D:0059H         PUBLIC        count
  C:1FF2H         PUBLIC        nitro
  B:0090H.0       PUBLIC        P10
  B:0090H.1       PUBLIC        P11
  B:0080H.3       PUBLIC        P03
  B:0090H.2       PUBLIC        P12
  D:0098H         PUBLIC        SCON
  D:005AH         PUBLIC        u8_mode
  D:0088H         PUBLIC        TCON
  C:1E8AH         PUBLIC        cont
  B:0090H.5       PUBLIC        P15
  B:0090H.7       PUBLIC        P17
  D:005BH         PUBLIC        u8_nitroMode
  D:00F8H         PUBLIC        SCON_1
  B:0088H.5       PUBLIC        TF0
  B:0088H.7       PUBLIC        TF1
  D:005CH         PUBLIC        u8_contStatus
  B:00A8H.0       PUBLIC        EX0
  D:008DH         PUBLIC        TH1
  D:005DH         PUBLIC        u8_nitroStart
  D:008BH         PUBLIC        TL1
  C:20AAH         PUBLIC        yes
  D:005EH         PUBLIC        u8_contpedalStatus
  B:0088H.6       PUBLIC        TR1
  D:00E8H         PUBLIC        ADCCON0
  D:00C0H         PUBLIC        I2CON
  C:20EAH         PUBLIC        yes_line
  C:206AH         PUBLIC        no
  D:00C8H         PUBLIC        T2CON
  C:212AH         PUBLIC        no_line
  D:005FH         PUBLIC        u16_count
  C:267EH         PUBLIC        TIM1_ISR
  C:2513H         PUBLIC        INT0_ISR
  B:00D8H.7       PUBLIC        PWMRUN
  D:00D0H         PUBLIC        PSW
  -------         PROC          MAIN
  C:21E2H         LINE#         28
  C:21E2H         LINE#         29
  C:21E2H         LINE#         30
  C:21E5H         LINE#         31
  C:21EEH         LINE#         32
  C:21F3H         LINE#         33
  C:21FEH         LINE#         35
  C:21FEH         LINE#         36
  C:21FEH         LINE#         37
  C:2200H         LINE#         38
  C:2202H         LINE#         39
  C:220DH         LINE#         40
  C:220DH         LINE#         41
BL51 BANKED LINKER/LOCATER V6.22.2.0                                                  03/23/2022  14:32:59  PAGE 12


  C:2210H         LINE#         42
  C:2210H         LINE#         44
  C:2216H         LINE#         45
  C:2216H         LINE#         46
  C:2221H         LINE#         47
  C:2227H         LINE#         48
  C:2227H         LINE#         49
  C:2231H         LINE#         50
  C:2231H         LINE#         51
  C:2235H         LINE#         52
  C:2235H         LINE#         53
  C:2238H         LINE#         54
  C:223BH         LINE#         55
  C:223EH         LINE#         56
  C:2240H         LINE#         58
  C:2240H         LINE#         59
  C:2243H         LINE#         60
  C:2246H         LINE#         61
  C:2246H         LINE#         62
  C:2248H         LINE#         63
  C:2257H         LINE#         64
  C:2257H         LINE#         65
  C:2274H         LINE#         67
  C:2282H         LINE#         68
  C:2282H         LINE#         69
  C:2285H         LINE#         70
  C:2285H         LINE#         71
  C:2287H         LINE#         72
  C:2287H         LINE#         74
  C:228AH         LINE#         75
  C:228AH         LINE#         76
  C:228CH         LINE#         77
  C:2297H         LINE#         78
  C:22A6H         LINE#         79
  C:22A6H         LINE#         80
  C:22A9H         LINE#         81
  C:22ABH         LINE#         82
  C:22AFH         LINE#         83
  C:22AFH         LINE#         84
  C:22B2H         LINE#         85
  C:22B5H         LINE#         86
  C:22B8H         LINE#         87
  C:22C0H         LINE#         88
  C:22C5H         LINE#         90
  C:22C7H         LINE#         91
  C:22CDH         LINE#         92
  C:22CFH         LINE#         93
  C:22D1H         LINE#         95
  C:22D1H         LINE#         96
  C:22D4H         LINE#         97
  C:22D7H         LINE#         98
  C:22D9H         LINE#         101
  C:22DCH         LINE#         102
  C:22DEH         LINE#         103
  C:22E4H         LINE#         104
  C:22E6H         LINE#         105
  C:22E6H         LINE#         106
BL51 BANKED LINKER/LOCATER V6.22.2.0                                                  03/23/2022  14:32:59  PAGE 13


  C:22E6H         LINE#         107
  C:22E8H         LINE#         108
  C:22E8H         LINE#         109
  C:22E8H         LINE#         110
  C:22EBH         LINE#         111
  C:22EDH         LINE#         113
  C:22F0H         LINE#         114
  C:22F0H         LINE#         115
  C:22F8H         LINE#         116
  C:22FBH         LINE#         117
  C:22FBH         LINE#         118
  C:2301H         LINE#         119
  C:2301H         LINE#         120
  C:2304H         LINE#         121
  C:230AH         LINE#         122
  C:230CH         LINE#         126
  C:230FH         LINE#         127
  C:2311H         LINE#         128
  C:2315H         LINE#         129
  C:2315H         LINE#         130
  C:2318H         LINE#         131
  C:231BH         LINE#         132
  C:2322H         LINE#         133
  C:2324H         LINE#         137
  C:2326H         LINE#         138
  C:232CH         LINE#         139
  C:232CH         LINE#         140
  C:232FH         LINE#         141
  C:2332H         LINE#         142
  C:2335H         LINE#         143
  C:2337H         LINE#         144
  C:2339H         LINE#         145
  C:233FH         LINE#         146
  C:233FH         LINE#         147
  C:2342H         LINE#         148
  C:2345H         LINE#         149
  C:2345H         LINE#         150
  C:2348H         LINE#         151
  C:2348H         LINE#         152
  C:2348H         LINE#         154
  C:234CH         LINE#         155
  C:234CH         LINE#         156
  C:2361H         LINE#         158
  C:2364H         LINE#         159
  C:2364H         LINE#         160
  C:236BH         LINE#         161
  C:236DH         LINE#         162
  C:2370H         LINE#         164
  C:2370H         LINE#         165
  C:2376H         LINE#         166
  C:2378H         LINE#         167
  C:2378H         LINE#         168
  C:237BH         LINE#         169
  C:2381H         LINE#         170
  C:2381H         LINE#         171
  C:2396H         LINE#         173
  C:239CH         LINE#         174
BL51 BANKED LINKER/LOCATER V6.22.2.0                                                  03/23/2022  14:32:59  PAGE 14


  C:239CH         LINE#         175
  C:23A7H         LINE#         176
  C:23ADH         LINE#         177
  C:23ADH         LINE#         178
  C:23B1H         LINE#         179
  C:23B1H         LINE#         180
  C:23B4H         LINE#         181
  C:23B9H         LINE#         182
  C:23BBH         LINE#         183
  C:23BDH         LINE#         185
  C:23BDH         LINE#         186
  C:23C0H         LINE#         187
  C:23C7H         LINE#         188
  C:23C9H         LINE#         189
  C:23C9H         LINE#         190
  C:23D1H         LINE#         191
  C:23D1H         LINE#         192
  C:23D1H         LINE#         193
  C:23D1H         LINE#         194
  C:23DAH         LINE#         195
  C:23DAH         LINE#         196
  C:23EFH         LINE#         197
  C:23F5H         LINE#         198
  C:23F5H         LINE#         199
  C:23F8H         LINE#         200
  C:23F8H         LINE#         201
  C:2400H         LINE#         202
  C:2406H         LINE#         203
  C:2406H         LINE#         204
  C:2408H         LINE#         205
  C:242EH         LINE#         206
  C:2431H         LINE#         207
  C:243CH         LINE#         208
  C:2459H         LINE#         209
  C:245CH         LINE#         210
  C:2461H         LINE#         211
  C:2461H         LINE#         212
  C:2461H         LINE#         215
  C:2461H         LINE#         216
  C:2463H         LINE#         217
  C:2469H         LINE#         218
  C:2469H         LINE#         219
  C:246BH         LINE#         221
  C:246BH         LINE#         222
  C:246FH         LINE#         223
  C:246FH         LINE#         224
  C:2484H         LINE#         225
  C:2490H         LINE#         226
  C:2492H         LINE#         228
  C:2492H         LINE#         229
  C:24A7H         LINE#         230
  C:24B7H         LINE#         231
  C:24B7H         LINE#         232
  C:24B7H         LINE#         233
  C:24B9H         LINE#         234
  C:24BFH         LINE#         235
  C:24BFH         LINE#         236
BL51 BANKED LINKER/LOCATER V6.22.2.0                                                  03/23/2022  14:32:59  PAGE 15


  C:24D4H         LINE#         237
  C:24D4H         LINE#         238
  C:24DFH         LINE#         239
  C:24EFH         LINE#         240
  C:24FFH         LINE#         241
  C:2510H         LINE#         242
  -------         ENDPROC       MAIN
  -------         PROC          ADC_ISR
  C:3031H         LINE#         247
  C:304EH         LINE#         248
  C:304EH         LINE#         250
  C:3055H         LINE#         253
  C:3060H         LINE#         254
  C:3060H         LINE#         255
  C:306CH         LINE#         256
  C:3072H         LINE#         257
  C:3075H         LINE#         258
  C:3078H         LINE#         259
  C:3078H         LINE#         260
  C:307AH         LINE#         261
  -------         ENDPROC       ADC_ISR
  -------         PROC          INT0_ISR
  C:2513H         LINE#         263
  C:2530H         LINE#         265
  C:2542H         LINE#         266
  C:2542H         LINE#         267
  C:2545H         LINE#         268
  C:2545H         LINE#         269
  C:2547H         LINE#         270
  C:2552H         LINE#         271
  C:2554H         LINE#         272
  C:256FH         LINE#         273
  C:2592H         LINE#         274
  C:2594H         LINE#         276
  C:2594H         LINE#         277
  C:2596H         LINE#         278
  C:25A1H         LINE#         279
  C:25A3H         LINE#         280
  C:25BEH         LINE#         281
  C:25DFH         LINE#         282
  C:25DFH         LINE#         283
  C:25DFH         LINE#         284
  C:25E9H         LINE#         285
  C:25E9H         LINE#         286
  C:25ECH         LINE#         287
  C:25ECH         LINE#         288
  C:25EEH         LINE#         289
  C:25F6H         LINE#         290
  C:25F8H         LINE#         291
  C:25FBH         LINE#         292
  C:25FDH         LINE#         294
  C:25FDH         LINE#         295
  C:25FFH         LINE#         296
  C:260AH         LINE#         297
  C:260CH         LINE#         298
  C:260FH         LINE#         299
  C:260FH         LINE#         300
BL51 BANKED LINKER/LOCATER V6.22.2.0                                                  03/23/2022  14:32:59  PAGE 16


  C:260FH         LINE#         301
  C:2615H         LINE#         302
  C:2615H         LINE#         303
  C:2618H         LINE#         304
  C:2618H         LINE#         305
  C:261AH         LINE#         306
  C:2622H         LINE#         307
  C:2624H         LINE#         308
  C:262CH         LINE#         309
  C:263BH         LINE#         310
  C:263DH         LINE#         312
  C:263DH         LINE#         313
  C:263FH         LINE#         314
  C:264AH         LINE#         315
  C:264CH         LINE#         316
  C:2654H         LINE#         317
  C:2661H         LINE#         318
  C:2661H         LINE#         319
  C:2661H         LINE#         320
  C:2663H         LINE#         321
  -------         ENDPROC       INT0_ISR
  -------         PROC          TIM1_ISR
  C:267EH         LINE#         322
  C:269BH         LINE#         324
  C:269EH         LINE#         325
  C:26A1H         LINE#         328
  C:26B6H         LINE#         329
  C:26CBH         LINE#         330
  C:26CBH         LINE#         331
  C:26E0H         LINE#         332
  C:26ECH         LINE#         333
  C:26ECH         LINE#         334
  C:2700H         LINE#         335
  C:2700H         LINE#         337
  C:270BH         LINE#         338
  C:270BH         LINE#         339
  C:270DH         LINE#         340
  C:270DH         LINE#         342
  C:2713H         LINE#         343
  C:2713H         LINE#         344
  C:2716H         LINE#         345
  C:2719H         LINE#         346
  C:271CH         LINE#         347
  C:2728H         LINE#         348
  C:272EH         LINE#         349
  C:2730H         LINE#         350
  C:2736H         LINE#         351
  C:2738H         LINE#         352
  C:273BH         LINE#         353
  C:273BH         LINE#         354
  C:2747H         LINE#         355
  C:2747H         LINE#         356
  C:2749H         LINE#         357
  -------         ENDPROC       TIM1_ISR
  -------         ENDMOD        MAIN

  -------         MODULE        HW_INIT
BL51 BANKED LINKER/LOCATER V6.22.2.0                                                  03/23/2022  14:32:59  PAGE 17


  C:0000H         SYMBOL        _ICE_DUMMY_
  D:00F6H         PUBLIC        AINDIDS
  D:00B1H         PUBLIC        P0M1
  D:00B3H         PUBLIC        P1M1
  D:00B2H         PUBLIC        P0M2
  D:0080H         PUBLIC        P0
  D:00B4H         PUBLIC        P1M2
  D:0090H         PUBLIC        P1
  D:00ACH         PUBLIC        P3M1
  D:00A0H         PUBLIC        P2
  D:00B0H         PUBLIC        P3
  D:00ADH         PUBLIC        P3M2
  C:0DA0H         PUBLIC        clean
  B:00A8H.7       PUBLIC        EA
  D:00D8H         PUBLIC        PWMCON0
  D:00DFH         PUBLIC        PWMCON1
  C:0D28H         PUBLIC        clear
  C:001EH         PUBLIC        InitPWM
  B:00A8H.6       PUBLIC        EADC
  D:00D1H         PUBLIC        PWMPH
  D:00A8H         PUBLIC        IE
  C:34C1H         PUBLIC        Display_cont_off
  B:00E8H.7       PUBLIC        ADCF
  C:3503H         PUBLIC        SW_Reset
  D:00D9H         PUBLIC        PWMPL
  C:0C38H         PUBLIC        eight
  D:00C7H         PUBLIC        TA
  C:34E4H         PUBLIC        _set_ADC_comparator_value
  D:00B8H         PUBLIC        IP
  C:09E0H         PUBLIC        three
  B:00E8H.6       PUBLIC        ADCS
  C:35A1H         PUBLIC        _PWM_duty
  B:00D8H.6       PUBLIC        LOAD
  C:0BC0H         PUBLIC        seven
  C:0CB0H         PUBLIC        nine
  C:0AD0H         PUBLIC        five
  D:00CFH         PUBLIC        ADCMPH
  C:349EH         PUBLIC        Display_cont_on
  B:0090H.0       PUBLIC        P10
  B:0090H.1       PUBLIC        P11
  C:0470H         PUBLIC        logo
  D:00CEH         PUBLIC        ADCMPL
  D:0098H         PUBLIC        SCON
  D:0089H         PUBLIC        TMOD
  D:0088H         PUBLIC        TCON
  C:2D80H         PUBLIC        HW_init
  D:009FH         PUBLIC        CHPCON
  C:0A58H         PUBLIC        four
  D:0091H         PUBLIC        SFRS
  C:0878H         PUBLIC        zero
  C:08F0H         PUBLIC        one
  D:00F8H         PUBLIC        SCON_1
  C:0070H         PUBLIC        overcurrent
  C:3473H         PUBLIC        ADC_read
  C:0870H         PUBLIC        dot
  B:00A8H.3       PUBLIC        ET1
  C:29EFH         PUBLIC        _num_float
BL51 BANKED LINKER/LOCATER V6.22.2.0                                                  03/23/2022  14:32:59  PAGE 18


  C:354CH         PUBLIC        InitTimer1
  B:0088H.0       PUBLIC        IT0
  B:00A8H.0       PUBLIC        EX0
  D:008DH         PUBLIC        TH1
  D:008BH         PUBLIC        TL1
  C:0B48H         PUBLIC        six
  C:2AB1H         PUBLIC        _num_donvi
  D:00ACH         PUBLIC        P3S
  C:2B73H         PUBLIC        _num_chuc
  B:0088H.6       PUBLIC        TR1
  B:00D8H.4       PUBLIC        CLRPWM
  C:2922H         PUBLIC        _Show_Voltage
  D:00E8H         PUBLIC        ADCCON0
  C:0968H         PUBLIC        two
  D:00E1H         PUBLIC        ADCCON1
  D:00E2H         PUBLIC        ADCCON2
  D:00C0H         PUBLIC        I2CON
  C:2EFBH         PUBLIC        displayProtect
  D:00C3H         PUBLIC        ADCRH
  D:00C8H         PUBLIC        T2CON
  D:00C2H         PUBLIC        ADCRL
  B:00D8H.7       PUBLIC        PWMRUN
  D:008EH         PUBLIC        CKCON
  D:00D5H         PUBLIC        PWM3H
  D:00A2H         PUBLIC        AUXR1
  D:00DDH         PUBLIC        PWM3L
  D:00D0H         PUBLIC        PSW
  D:00C6H         PUBLIC        PIOCON1
  C:33EBH         PUBLIC        EXT0_config
  -------         PROC          HW_INIT
  C:2D80H         LINE#         6
  C:2D80H         LINE#         7
  C:2D80H         LINE#         8
  C:2D83H         LINE#         9
  C:2D86H         LINE#         10
  C:2D88H         LINE#         12
  C:2D8EH         LINE#         13
  C:2D90H         LINE#         15
  C:2D96H         LINE#         16
  C:2D98H         LINE#         18
  C:2D9EH         LINE#         19
  C:2DA4H         LINE#         20
  C:2DAAH         LINE#         22
  C:2DBFH         LINE#         27
  C:2DC1H         LINE#         28
  C:2DC3H         LINE#         30
  C:2DC6H         LINE#         32
  C:2DC9H         LINE#         33
  C:2DDDH         LINE#         34
  C:2DE8H         LINE#         35
  C:2DEBH         LINE#         36
  C:2DF6H         LINE#         38
  C:2DFBH         LINE#         39
  C:2E10H         LINE#         40
  C:2E15H         LINE#         45
  C:2E17H         LINE#         46
  -------         ENDPROC       HW_INIT
BL51 BANKED LINKER/LOCATER V6.22.2.0                                                  03/23/2022  14:32:59  PAGE 19


  -------         PROC          INITTIMER1
  C:354CH         LINE#         47
  C:354CH         LINE#         48
  C:354FH         LINE#         50
  C:3552H         LINE#         51
  C:3555H         LINE#         54
  C:3558H         LINE#         55
  C:355BH         LINE#         57
  C:355DH         LINE#         58
  C:355FH         LINE#         59
  C:3561H         LINE#         60
  -------         ENDPROC       INITTIMER1
  -------         PROC          EXT0_CONFIG
  C:33EBH         LINE#         62
  C:33EBH         LINE#         63
  C:33EBH         LINE#         64
  C:33F1H         LINE#         65
  C:33F7H         LINE#         66
  C:3414H         LINE#         67
  C:3416H         LINE#         68
  C:3418H         LINE#         69
  C:341AH         LINE#         70
  -------         ENDPROC       EXT0_CONFIG
  -------         PROC          INITPWM
  C:001EH         LINE#         72
  C:001EH         LINE#         73
  C:001EH         LINE#         75
  C:0024H         LINE#         76
  C:0043H         LINE#         78
  C:0049H         LINE#         80
  C:004CH         LINE#         82
  C:004EH         LINE#         84
  C:0051H         LINE#         94
  C:0054H         LINE#         95
  C:0057H         LINE#         96
  -------         ENDPROC       INITPWM
  -------         PROC          _PWM_DUTY
  D:0004H         SYMBOL        duty
  C:35A1H         LINE#         97
  C:35A5H         LINE#         98
  C:35A5H         LINE#         99
  C:35A7H         LINE#         100
  C:35AAH         LINE#         101
  C:35ACH         LINE#         102
  -------         ENDPROC       _PWM_DUTY
  -------         PROC          DISPLAY_CONT_ON
  C:349EH         LINE#         105
  C:349EH         LINE#         106
  C:349EH         LINE#         107
  C:34A1H         LINE#         108
  C:34B1H         LINE#         109
  -------         ENDPROC       DISPLAY_CONT_ON
  -------         PROC          DISPLAY_CONT_OFF
  C:34C1H         LINE#         112
  C:34C1H         LINE#         113
  C:34C1H         LINE#         114
  C:34C4H         LINE#         115
BL51 BANKED LINKER/LOCATER V6.22.2.0                                                  03/23/2022  14:32:59  PAGE 20


  C:34D4H         LINE#         116
  -------         ENDPROC       DISPLAY_CONT_OFF
  -------         PROC          _NUM_FLOAT
  D:0007H         SYMBOL        num
  C:29EFH         LINE#         119
  C:29EFH         LINE#         120
  C:29EFH         LINE#         121
  C:2A1DH         LINE#         122
  C:2A1DH         LINE#         123
  C:2A1DH         LINE#         124
  C:2A1DH         LINE#         125
  C:2A29H         LINE#         126
  C:2A2BH         LINE#         127
  C:2A2BH         LINE#         128
  C:2A2BH         LINE#         129
  C:2A2BH         LINE#         130
  C:2A37H         LINE#         131
  C:2A39H         LINE#         132
  C:2A39H         LINE#         133
  C:2A39H         LINE#         134
  C:2A39H         LINE#         135
  C:2A45H         LINE#         136
  C:2A47H         LINE#         137
  C:2A47H         LINE#         138
  C:2A47H         LINE#         139
  C:2A47H         LINE#         140
  C:2A53H         LINE#         141
  C:2A55H         LINE#         142
  C:2A55H         LINE#         143
  C:2A55H         LINE#         144
  C:2A55H         LINE#         145
  C:2A61H         LINE#         146
  C:2A63H         LINE#         147
  C:2A63H         LINE#         148
  C:2A63H         LINE#         149
  C:2A63H         LINE#         150
  C:2A6FH         LINE#         151
  C:2A71H         LINE#         152
  C:2A71H         LINE#         153
  C:2A71H         LINE#         154
  C:2A71H         LINE#         155
  C:2A7DH         LINE#         156
  C:2A7FH         LINE#         157
  C:2A7FH         LINE#         158
  C:2A7FH         LINE#         159
  C:2A7FH         LINE#         160
  C:2A8BH         LINE#         161
  C:2A8DH         LINE#         162
  C:2A8DH         LINE#         163
  C:2A8DH         LINE#         164
  C:2A8DH         LINE#         165
  C:2A99H         LINE#         166
  C:2A9BH         LINE#         167
  C:2A9BH         LINE#         168
  C:2A9BH         LINE#         169
  C:2A9BH         LINE#         170
  C:2AB0H         LINE#         171
BL51 BANKED LINKER/LOCATER V6.22.2.0                                                  03/23/2022  14:32:59  PAGE 21


  C:2AB0H         LINE#         172
  C:2AB0H         LINE#         173
  C:2AB0H         LINE#         174
  -------         ENDPROC       _NUM_FLOAT
  -------         PROC          _NUM_DONVI
  D:0007H         SYMBOL        num
  C:2AB1H         LINE#         175
  C:2AB1H         LINE#         176
  C:2AB1H         LINE#         177
  C:2ADFH         LINE#         178
  C:2ADFH         LINE#         179
  C:2ADFH         LINE#         180
  C:2ADFH         LINE#         181
  C:2AEBH         LINE#         182
  C:2AEDH         LINE#         183
  C:2AEDH         LINE#         184
  C:2AEDH         LINE#         185
  C:2AEDH         LINE#         186
  C:2AF9H         LINE#         187
  C:2AFBH         LINE#         188
  C:2AFBH         LINE#         189
  C:2AFBH         LINE#         190
  C:2AFBH         LINE#         191
  C:2B07H         LINE#         192
  C:2B09H         LINE#         193
  C:2B09H         LINE#         194
  C:2B09H         LINE#         195
  C:2B09H         LINE#         196
  C:2B15H         LINE#         197
  C:2B17H         LINE#         198
  C:2B17H         LINE#         199
  C:2B17H         LINE#         200
  C:2B17H         LINE#         201
  C:2B23H         LINE#         202
  C:2B25H         LINE#         203
  C:2B25H         LINE#         204
  C:2B25H         LINE#         205
  C:2B25H         LINE#         206
  C:2B31H         LINE#         207
  C:2B33H         LINE#         208
  C:2B33H         LINE#         209
  C:2B33H         LINE#         210
  C:2B33H         LINE#         211
  C:2B3FH         LINE#         212
  C:2B41H         LINE#         213
  C:2B41H         LINE#         214
  C:2B41H         LINE#         215
  C:2B41H         LINE#         216
  C:2B4DH         LINE#         217
  C:2B4FH         LINE#         218
  C:2B4FH         LINE#         219
  C:2B4FH         LINE#         220
  C:2B4FH         LINE#         221
  C:2B5BH         LINE#         222
  C:2B5DH         LINE#         223
  C:2B5DH         LINE#         224
  C:2B5DH         LINE#         225
BL51 BANKED LINKER/LOCATER V6.22.2.0                                                  03/23/2022  14:32:59  PAGE 22


  C:2B5DH         LINE#         226
  C:2B72H         LINE#         227
  C:2B72H         LINE#         228
  C:2B72H         LINE#         229
  C:2B72H         LINE#         230
  -------         ENDPROC       _NUM_DONVI
  -------         PROC          _NUM_CHUC
  D:0007H         SYMBOL        num
  C:2B73H         LINE#         231
  C:2B73H         LINE#         232
  C:2B73H         LINE#         233
  C:2BA1H         LINE#         234
  C:2BA1H         LINE#         235
  C:2BA1H         LINE#         236
  C:2BA1H         LINE#         237
  C:2BADH         LINE#         238
  C:2BAFH         LINE#         239
  C:2BAFH         LINE#         240
  C:2BAFH         LINE#         241
  C:2BAFH         LINE#         242
  C:2BBBH         LINE#         243
  C:2BBDH         LINE#         244
  C:2BBDH         LINE#         245
  C:2BBDH         LINE#         246
  C:2BBDH         LINE#         247
  C:2BC9H         LINE#         248
  C:2BCBH         LINE#         249
  C:2BCBH         LINE#         250
  C:2BCBH         LINE#         251
  C:2BCBH         LINE#         252
  C:2BD7H         LINE#         253
  C:2BD9H         LINE#         254
  C:2BD9H         LINE#         255
  C:2BD9H         LINE#         256
  C:2BD9H         LINE#         257
  C:2BE5H         LINE#         258
  C:2BE7H         LINE#         259
  C:2BE7H         LINE#         260
  C:2BE7H         LINE#         261
  C:2BE7H         LINE#         262
  C:2BF3H         LINE#         263
  C:2BF5H         LINE#         264
  C:2BF5H         LINE#         265
  C:2BF5H         LINE#         266
  C:2BF5H         LINE#         267
  C:2C01H         LINE#         268
  C:2C03H         LINE#         269
  C:2C03H         LINE#         270
  C:2C03H         LINE#         271
  C:2C03H         LINE#         272
  C:2C0FH         LINE#         273
  C:2C11H         LINE#         274
  C:2C11H         LINE#         275
  C:2C11H         LINE#         276
  C:2C11H         LINE#         277
  C:2C1DH         LINE#         278
  C:2C1FH         LINE#         279
BL51 BANKED LINKER/LOCATER V6.22.2.0                                                  03/23/2022  14:32:59  PAGE 23


  C:2C1FH         LINE#         280
  C:2C1FH         LINE#         281
  C:2C1FH         LINE#         282
  C:2C34H         LINE#         283
  C:2C34H         LINE#         284
  C:2C34H         LINE#         285
  C:2C34H         LINE#         286
  -------         ENDPROC       _NUM_CHUC
  -------         PROC          _SHOW_VOLTAGE
  D:0030H         SYMBOL        v_floatNum_f32
  -------         DO            
  D:0034H         SYMBOL        v_temp_u32
  D:0038H         SYMBOL        donvi
  D:0039H         SYMBOL        chuc
  -------         ENDDO         
  C:2922H         LINE#         287
  C:292AH         LINE#         288
  C:292AH         LINE#         292
  C:2935H         LINE#         293
  C:2940H         LINE#         294
  C:2955H         LINE#         295
  C:2967H         LINE#         296
  C:297CH         LINE#         298
  C:2981H         LINE#         299
  C:29B8H         LINE#         300
  C:29D5H         LINE#         301
  C:29EAH         LINE#         302
  -------         ENDPROC       _SHOW_VOLTAGE
  -------         PROC          DISPLAYPROTECT
  C:2EFBH         LINE#         304
  C:2EFBH         LINE#         305
  C:2EFBH         LINE#         306
  C:2F0FH         LINE#         307
  C:2F11H         LINE#         308
  C:2F13H         LINE#         309
  C:2F1EH         LINE#         310
  C:2F20H         LINE#         311
  C:2F2BH         LINE#         312
  C:2F2DH         LINE#         313
  C:2F38H         LINE#         314
  C:2F3AH         LINE#         315
  C:2F45H         LINE#         316
  C:2F47H         LINE#         317
  C:2F52H         LINE#         318
  C:2F54H         LINE#         319
  C:2F5FH         LINE#         320
  C:2F61H         LINE#         321
  -------         ENDPROC       DISPLAYPROTECT
  -------         PROC          ADC_READ
  -------         DO            
  D:0006H         SYMBOL        adc_value
  -------         ENDDO         
  C:3473H         LINE#         324
  C:3473H         LINE#         325
  C:3476H         LINE#         326
  C:3479H         LINE#         327
  C:347CH         LINE#         328
BL51 BANKED LINKER/LOCATER V6.22.2.0                                                  03/23/2022  14:32:59  PAGE 24


  C:347FH         LINE#         329
  C:3481H         LINE#         330
  C:3483H         LINE#         331
  C:3486H         LINE#         332
  C:348AH         LINE#         333
  C:3498H         LINE#         334
  C:349DH         LINE#         335
  C:349DH         LINE#         336
  -------         ENDPROC       ADC_READ
  -------         PROC          SW_RESET
  C:3503H         LINE#         339
  C:3503H         LINE#         340
  C:3503H         LINE#         341
  C:3506H         LINE#         342
  C:3509H         LINE#         343
  C:351CH         LINE#         344
  -------         ENDPROC       SW_RESET
  -------         PROC          _SET_ADC_COMPARATOR_VALUE
  D:0004H         SYMBOL        value
  C:34E4H         LINE#         345
  C:34E8H         LINE#         346
  C:34E8H         LINE#         347
  C:34FDH         LINE#         348
  C:3502H         LINE#         349
  -------         ENDPROC       _SET_ADC_COMPARATOR_VALUE
  -------         ENDMOD        HW_INIT

  -------         MODULE        OLED_I2C
  C:0000H         SYMBOL        _ICE_DUMMY_
  C:3535H         PUBLIC        OLED_Display_On
  D:00B3H         PUBLIC        P1M1
  D:0080H         PUBLIC        P0
  D:00B4H         PUBLIC        P1M2
  D:0090H         PUBLIC        P1
  D:00A0H         PUBLIC        P2
  D:00B0H         PUBLIC        P3
  D:00D8H         PUBLIC        PWMCON0
  C:3320H         PUBLIC        _fill_picture
  D:00A8H         PUBLIC        IE
  D:00B8H         PUBLIC        IP
  C:2764H         PUBLIC        OLED_Init
  C:3593H         PUBLIC        _Write_IIC_Data
  C:3264H         PUBLIC        _OLED_ShowString
  C:3436H         PUBLIC        _OLED_WR_Byte
  C:2847H         PUBLIC        _OLED_ShowChar
  C:11A0H         PUBLIC        F6x8
  D:0098H         PUBLIC        SCON
  C:3562H         PUBLIC        Init_I2C
  D:0088H         PUBLIC        TCON
  C:33C1H         PUBLIC        _Write_IIC_Byte
  C:13C8H         PUBLIC        F8X16
  C:0011H         PUBLIC        IIC_Wait_Ack
  D:00F8H         PUBLIC        SCON_1
  C:35ADH         PUBLIC        IIC_Start
  C:3447H         PUBLIC        _OLED_Set_Pos
  B:00C0H.6       PUBLIC        I2CEN
  C:2CE1H         PUBLIC        _OLED_ShowFloatNum
BL51 BANKED LINKER/LOCATER V6.22.2.0                                                  03/23/2022  14:32:59  PAGE 25


  D:00BEH         PUBLIC        I2CLK
  B:0090H.4       PUBLIC        SDA
  D:00E8H         PUBLIC        ADCCON0
  C:2E18H         PUBLIC        _OLED_ShowNum
  D:00C0H         PUBLIC        I2CON
  C:3574H         PUBLIC        OLED_Display_Off
  C:351DH         PUBLIC        _oled_pow
  C:35D6H         PUBLIC        IIC_Stop
  B:0090H.3       PUBLIC        SCL
  D:00C8H         PUBLIC        T2CON
  C:3585H         PUBLIC        _Write_IIC_Command
  C:3355H         PUBLIC        OLED_Update
  C:3388H         PUBLIC        OLED_Clear
  C:2F64H         PUBLIC        _OLED_DrawBMP
  D:00D0H         PUBLIC        PSW
  -------         PROC          INIT_I2C
  C:3562H         LINE#         19
  C:3562H         LINE#         20
  C:3562H         LINE#         21
  C:3568H         LINE#         22
  C:356EH         LINE#         25
  C:3571H         LINE#         28
  C:3573H         LINE#         29
  -------         ENDPROC       INIT_I2C
  -------         PROC          IIC_START
  C:35ADH         LINE#         35
  C:35ADH         LINE#         36
  C:35ADH         LINE#         38
  C:35AFH         LINE#         39
  C:35B1H         LINE#         40
  C:35B3H         LINE#         41
  C:35B5H         LINE#         42
  -------         ENDPROC       IIC_START
  -------         PROC          IIC_STOP
  C:35D6H         LINE#         47
  C:35D6H         LINE#         48
  C:35D6H         LINE#         49
  C:35D8H         LINE#         50
  C:35DAH         LINE#         51
  C:35DCH         LINE#         52
  -------         ENDPROC       IIC_STOP
  -------         PROC          L?0088
  -------         ENDPROC       L?0088
  -------         PROC          IIC_WAIT_ACK
  C:0011H         LINE#         57
  C:0011H         LINE#         58
  C:0011H         LINE#         59
  C:0011H         LINE#         60
  C:0011H         LINE#         61
  C:0014H         LINE#         62
  C:0014H         LINE#         63
  C:0014H         LINE#         64
  C:0014H         LINE#         65
  C:0014H         LINE#         66
  C:0016H         LINE#         67
  C:0018H         LINE#         68
  -------         ENDPROC       IIC_WAIT_ACK
BL51 BANKED LINKER/LOCATER V6.22.2.0                                                  03/23/2022  14:32:59  PAGE 26


  -------         PROC          L?0089
  -------         ENDPROC       L?0089
  -------         PROC          _WRITE_IIC_BYTE
  D:0007H         SYMBOL        IIC_Byte
  -------         DO            
  D:0006H         SYMBOL        i
  D:0005H         SYMBOL        m
  D:0007H         SYMBOL        da
  -------         ENDDO         
  C:33C1H         LINE#         73
  C:33C1H         LINE#         74
  C:33C1H         LINE#         77
  C:33C1H         LINE#         78
  C:33C3H         LINE#         79
  C:33CFH         LINE#         80
  C:33CFH         LINE#         81
  C:33D1H         LINE#         82
  C:33D4H         LINE#         83
  C:33D9H         LINE#         84
  C:33DDH         LINE#         85
  C:33DFH         LINE#         86
  C:33E3H         LINE#         87
  C:33E5H         LINE#         88
  C:33E7H         LINE#         89
  C:33EAH         LINE#         90
  -------         ENDPROC       _WRITE_IIC_BYTE
  -------         PROC          _WRITE_IIC_COMMAND
  D:0004H         SYMBOL        IIC_Command
  C:3585H         LINE#         94
  C:3585H         LINE#         95
  C:3585H         LINE#         96
  C:3585H         LINE#         97
  C:3588H         LINE#         98
  C:358BH         LINE#         99
  C:358DH         LINE#         100
  C:358DH         LINE#         101
  C:358DH         LINE#         102
  C:3590H         LINE#         103
  -------         ENDPROC       _WRITE_IIC_COMMAND
  -------         PROC          _WRITE_IIC_DATA
  D:0004H         SYMBOL        IIC_Data
  C:3593H         LINE#         108
  C:3593H         LINE#         109
  C:3593H         LINE#         110
  C:3593H         LINE#         111
  C:3596H         LINE#         112
  C:3599H         LINE#         113
  C:359BH         LINE#         114
  C:359BH         LINE#         115
  C:359BH         LINE#         116
  C:359EH         LINE#         117
  -------         ENDPROC       _WRITE_IIC_DATA
  C:341BH         SYMBOL        L?0084
  C:3425H         SYMBOL        L?0085
  C:342CH         SYMBOL        L?0086
  C:3432H         SYMBOL        L?0087
  -------         PROC          L?0083
BL51 BANKED LINKER/LOCATER V6.22.2.0                                                  03/23/2022  14:32:59  PAGE 27


  -------         ENDPROC       L?0083
  C:341BH         SYMBOL        L?0084
  C:3425H         SYMBOL        L?0085
  C:342CH         SYMBOL        L?0086
  C:3432H         SYMBOL        L?0087
  -------         PROC          _OLED_WR_BYTE
  D:0002H         SYMBOL        dat
  D:0004H         SYMBOL        cmd
  C:3436H         LINE#         122
  C:343AH         LINE#         123
  C:343AH         LINE#         124
  C:343EH         LINE#         125
  C:343EH         LINE#         127
  C:3441H         LINE#         129
  C:3441H         LINE#         130
  C:3441H         LINE#         131
  C:3446H         LINE#         133
  C:3446H         LINE#         134
  -------         ENDPROC       _OLED_WR_BYTE
  -------         PROC          _FILL_PICTURE
  D:006BH         SYMBOL        fill_Data
  -------         DO            
  D:0001H         SYMBOL        m
  D:006CH         SYMBOL        n
  -------         ENDDO         
  C:3320H         LINE#         139
  C:3322H         LINE#         140
  C:3322H         LINE#         142
  C:3331H         LINE#         143
  C:3331H         LINE#         144
  C:3331H         LINE#         145
  C:3331H         LINE#         146
  C:3334H         LINE#         147
  C:3342H         LINE#         148
  C:3342H         LINE#         149
  C:334DH         LINE#         150
  C:3351H         LINE#         151
  C:3354H         LINE#         152
  -------         ENDPROC       _FILL_PICTURE
  -------         PROC          _OLED_SET_POS
  D:0001H         SYMBOL        x
  D:0005H         SYMBOL        y
  C:3447H         LINE#         155
  C:3449H         LINE#         156
  C:3449H         LINE#         157
  C:3456H         LINE#         158
  C:3467H         LINE#         159
  -------         ENDPROC       _OLED_SET_POS
  -------         PROC          OLED_DISPLAY_ON
  C:3535H         LINE#         162
  C:3535H         LINE#         163
  C:3535H         LINE#         164
  C:353AH         LINE#         165
  C:3543H         LINE#         166
  -------         ENDPROC       OLED_DISPLAY_ON
  -------         PROC          OLED_DISPLAY_OFF
  C:3574H         LINE#         169
BL51 BANKED LINKER/LOCATER V6.22.2.0                                                  03/23/2022  14:32:59  PAGE 28


  C:3574H         LINE#         170
  C:3574H         LINE#         171
  C:3579H         LINE#         172
  C:357CH         LINE#         173
  -------         ENDPROC       OLED_DISPLAY_OFF
  -------         PROC          OLED_CLEAR
  -------         DO            
  D:0001H         SYMBOL        i
  D:0030H         SYMBOL        n
  -------         ENDDO         
  C:3388H         LINE#         180
  C:3388H         LINE#         181
  C:3388H         LINE#         183
  C:3397H         LINE#         184
  C:3397H         LINE#         185
  C:3397H         LINE#         186
  C:3397H         LINE#         187
  C:339AH         LINE#         188
  C:33B6H         LINE#         189
  C:33B9H         LINE#         190
  -------         ENDPROC       OLED_CLEAR
  -------         PROC          OLED_UPDATE
  -------         DO            
  D:0001H         SYMBOL        i
  D:001FH         SYMBOL        n
  -------         ENDDO         
  C:3355H         LINE#         195
  C:3355H         LINE#         196
  C:3355H         LINE#         198
  C:3364H         LINE#         199
  C:3364H         LINE#         200
  C:3364H         LINE#         201
  C:3364H         LINE#         202
  C:3367H         LINE#         203
  C:3384H         LINE#         204
  C:3387H         LINE#         205
  -------         ENDPROC       OLED_UPDATE
  -------         PROC          _OLED_SHOWCHAR
  D:0039H         SYMBOL        x
  D:003AH         SYMBOL        y
  D:0003H         SYMBOL        chr
  D:003CH         SYMBOL        Char_Size
  -------         DO            
  D:003DH         SYMBOL        c
  D:0001H         SYMBOL        i
  -------         ENDDO         
  C:2847H         LINE#         213
  C:284BH         LINE#         214
  C:284BH         LINE#         215
  C:284FH         LINE#         216
  C:2854H         LINE#         217
  C:2865H         LINE#         218
  C:286BH         LINE#         219
  C:286BH         LINE#         220
  C:2872H         LINE#         221
  C:287EH         LINE#         222
  C:28A7H         LINE#         223
BL51 BANKED LINKER/LOCATER V6.22.2.0                                                  03/23/2022  14:32:59  PAGE 29


  C:28B0H         LINE#         224
  C:28BCH         LINE#         225
  C:28E5H         LINE#         226
  C:28E5H         LINE#         227
  C:28E5H         LINE#         228
  C:28ECH         LINE#         229
  C:28F8H         LINE#         230
  C:2921H         LINE#         232
  C:2921H         LINE#         233
  -------         ENDPROC       _OLED_SHOWCHAR
  -------         PROC          _OLED_POW
  D:0039H         SYMBOL        m
  D:0001H         SYMBOL        n
  -------         DO            
  D:0006H         SYMBOL        result
  -------         ENDDO         
  C:351DH         LINE#         237
  C:3521H         LINE#         238
  C:3521H         LINE#         239
  C:3525H         LINE#         240
  C:3534H         LINE#         241
  C:3534H         LINE#         242
  -------         ENDPROC       _OLED_POW
  -------         PROC          _OLED_SHOWNUM
  D:0030H         SYMBOL        x
  D:0031H         SYMBOL        y
  D:0032H         SYMBOL        num
  D:0034H         SYMBOL        len
  D:0035H         SYMBOL        Num_size
  -------         DO            
  D:0036H         SYMBOL        t
  D:0037H         SYMBOL        temp
  D:0038H         SYMBOL        enshow
  -------         ENDDO         
  C:2E18H         LINE#         252
  C:2E20H         LINE#         253
  C:2E20H         LINE#         255
  C:2E23H         LINE#         256
  C:2E2CH         LINE#         257
  C:2E2CH         LINE#         258
  C:2E4EH         LINE#         259
  C:2E5CH         LINE#         260
  C:2E5CH         LINE#         261
  C:2E60H         LINE#         262
  C:2E60H         LINE#         263
  C:2E70H         LINE#         264
  C:2E72H         LINE#         265
  C:2E75H         LINE#         267
  C:2E75H         LINE#         268
  C:2E8DH         LINE#         269
  C:2E91H         LINE#         270
  -------         ENDPROC       _OLED_SHOWNUM
  -------         PROC          _OLED_SHOWSTRING
  D:0030H         SYMBOL        x
  D:0031H         SYMBOL        y
  D:0032H         SYMBOL        chr
  D:0035H         SYMBOL        Char_Size
BL51 BANKED LINKER/LOCATER V6.22.2.0                                                  03/23/2022  14:32:59  PAGE 30


  -------         DO            
  D:0036H         SYMBOL        j
  -------         ENDDO         
  C:3264H         LINE#         275
  C:326EH         LINE#         276
  C:326EH         LINE#         277
  C:3271H         LINE#         278
  C:3283H         LINE#         279
  C:328DH         LINE#         280
  C:3293H         LINE#         281
  C:32A3H         LINE#         282
  C:32A5H         LINE#         283
  C:32A7H         LINE#         284
  -------         ENDPROC       _OLED_SHOWSTRING
  -------         PROC          _OLED_DRAWBMP
  D:003AH         SYMBOL        x0
  D:0005H         SYMBOL        y0
  D:003CH         SYMBOL        x1
  D:003DH         SYMBOL        y1
  D:003EH         SYMBOL        BMP
  -------         DO            
  D:0041H         SYMBOL        j
  D:0043H         SYMBOL        x
  D:0044H         SYMBOL        y
  -------         ENDDO         
  C:2F64H         LINE#         289
  C:2F68H         LINE#         290
  C:2F68H         LINE#         291
  C:2F6DH         LINE#         294
  C:2F7EH         LINE#         295
  C:2F88H         LINE#         296
  C:2F91H         LINE#         297
  C:2F91H         LINE#         298
  C:2F98H         LINE#         299
  C:2FA2H         LINE#         300
  C:2FA2H         LINE#         301
  C:2FC4H         LINE#         302
  C:2FC8H         LINE#         303
  C:2FCCH         LINE#         304
  -------         ENDPROC       _OLED_DRAWBMP
  -------         PROC          _OLED_SHOWFLOATNUM
  D:0008H         SYMBOL        x
  D:0009H         SYMBOL        y
  D:000AH         SYMBOL        v_floatNum_f32
  D:000EH         SYMBOL        Float_Size
  -------         DO            
  D:000FH         SYMBOL        v_temp_u32
  -------         ENDDO         
  C:2CE1H         LINE#         305
  C:2CE5H         LINE#         306
  C:2CE5H         LINE#         308
  C:2CF8H         LINE#         309
  C:2D09H         LINE#         310
  C:2D18H         LINE#         311
  C:2D4FH         LINE#         312
  C:2D6CH         LINE#         313
  -------         ENDPROC       _OLED_SHOWFLOATNUM
BL51 BANKED LINKER/LOCATER V6.22.2.0                                                  03/23/2022  14:32:59  PAGE 31


  -------         PROC          OLED_INIT
  C:2764H         LINE#         318
  C:2764H         LINE#         319
  C:2764H         LINE#         320
  C:2767H         LINE#         321
  C:276DH         LINE#         322
  C:276DH         LINE#         323
  C:2770H         LINE#         324
  C:2779H         LINE#         325
  C:2782H         LINE#         326
  C:278BH         LINE#         327
  C:2794H         LINE#         328
  C:279DH         LINE#         329
  C:27A6H         LINE#         330
  C:27AFH         LINE#         331
  C:27B8H         LINE#         332
  C:27C1H         LINE#         333
  C:27CAH         LINE#         334
  C:27D2H         LINE#         336
  C:27DBH         LINE#         337
  C:27E4H         LINE#         339
  C:27EDH         LINE#         340
  C:27F6H         LINE#         342
  C:27FFH         LINE#         343
  C:2808H         LINE#         345
  C:2811H         LINE#         346
  C:281AH         LINE#         348
  C:2823H         LINE#         349
  C:282CH         LINE#         351
  C:2835H         LINE#         352
  C:283EH         LINE#         354
  -------         ENDPROC       OLED_INIT
  -------         ENDMOD        OLED_I2C

  -------         MODULE        ?C_STARTUP
  C:2C35H         SEGMENT       ?C_C51STARTUP
  I:006DH         SEGMENT       ?STACK
  C:0000H         PUBLIC        ?C_STARTUP
  D:00E0H         SYMBOL        ACC
  D:00F0H         SYMBOL        B
  D:0083H         SYMBOL        DPH
  D:0082H         SYMBOL        DPL
  N:0000H         SYMBOL        IBPSTACK
  N:0100H         SYMBOL        IBPSTACKTOP
  N:0080H         SYMBOL        IDATALEN
  C:2C4AH         SYMBOL        IDATALOOP
  N:0000H         SYMBOL        PBPSTACK
  N:0000H         SYMBOL        PBPSTACKTOP
  N:0000H         SYMBOL        PDATALEN
  N:0000H         SYMBOL        PDATASTART
  N:0000H         SYMBOL        PPAGE
  N:0000H         SYMBOL        PPAGEENABLE
  D:00A0H         SYMBOL        PPAGE_SFR
  D:0081H         SYMBOL        SP
  C:2C35H         SYMBOL        STARTUP1
  N:0000H         SYMBOL        XBPSTACK
  N:0000H         SYMBOL        XBPSTACKTOP
BL51 BANKED LINKER/LOCATER V6.22.2.0                                                  03/23/2022  14:32:59  PAGE 32


  N:02FFH         SYMBOL        XDATALEN
  C:2C55H         SYMBOL        XDATALOOP
  N:0000H         SYMBOL        XDATASTART
  C:0000H         LINE#         94
  C:2C35H         LINE#         100
  C:2C38H         LINE#         101
  C:2C3BH         LINE#         102
  C:2C3EH         LINE#         104
  C:2C41H         LINE#         105
  C:2C44H         LINE#         106
  C:2C47H         LINE#         109
  C:2C49H         LINE#         110
  C:2C4AH         LINE#         111
  C:2C4BH         LINE#         112
  C:2C4DH         LINE#         116
  C:2C50H         LINE#         117
  C:2C52H         LINE#         119
  C:2C54H         LINE#         123
  C:2C55H         LINE#         124
  C:2C56H         LINE#         125
  C:2C57H         LINE#         126
  C:2C59H         LINE#         127
  C:2C5BH         LINE#         161
  C:2C5EH         LINE#         165
  -------         ENDMOD        ?C_STARTUP

  -------         MODULE        ?C?FPADD
  C:19BFH         PUBLIC        ?C?FPADD
  C:19BBH         PUBLIC        ?C?FPSUB
  -------         ENDMOD        ?C?FPADD

  -------         MODULE        ?C?FPMUL
  C:1AB0H         PUBLIC        ?C?FPMUL
  -------         ENDMOD        ?C?FPMUL

  -------         MODULE        ?C?FPCMP
  C:1BB8H         PUBLIC        ?C?FPCMP
  C:1BB6H         PUBLIC        ?C?FPCMP3
  -------         ENDMOD        ?C?FPCMP

  -------         MODULE        ?C?FCAST
  C:1C39H         PUBLIC        ?C?FCASTC
  C:1C34H         PUBLIC        ?C?FCASTI
  C:1C2FH         PUBLIC        ?C?FCASTL
  -------         ENDMOD        ?C?FCAST

  -------         MODULE        ?C?CASTF
  C:1C6DH         PUBLIC        ?C?CASTF
  -------         ENDMOD        ?C?CASTF

  -------         MODULE        ?C?CLDOPTR
  C:1CEEH         PUBLIC        ?C?CLDOPTR
  -------         ENDMOD        ?C?CLDOPTR

  -------         MODULE        ?C?IMUL
  C:1D1BH         PUBLIC        ?C?IMUL
  -------         ENDMOD        ?C?IMUL
BL51 BANKED LINKER/LOCATER V6.22.2.0                                                  03/23/2022  14:32:59  PAGE 33



  -------         MODULE        ?C?UIDIV
  C:1D2DH         PUBLIC        ?C?UIDIV
  -------         ENDMOD        ?C?UIDIV

  -------         MODULE        ?C?ULDIV
  C:1DBEH         PUBLIC        ?C?ULDIV
  -------         ENDMOD        ?C?ULDIV

  -------         MODULE        ?C?LNEG
  C:1E50H         PUBLIC        ?C?LNEG
  -------         ENDMOD        ?C?LNEG

  -------         MODULE        ?C?ULCMP
  C:1E5EH         PUBLIC        ?C?ULCMP
  -------         ENDMOD        ?C?ULCMP

  -------         MODULE        ?C?ULSHR
  C:1E6FH         PUBLIC        ?C?ULSHR
  -------         ENDMOD        ?C?ULSHR

*** WARNING L15: MULTIPLE CALL TO SEGMENT
    SEGMENT: ?PR?_OLED_DRAWBMP?OLED_I2C
    CALLER1: ?PR?ADC_ISR?MAIN
    CALLER2: ?C_C51STARTUP

*** WARNING L15: MULTIPLE CALL TO SEGMENT
    SEGMENT: ?PR?_TIMER0_DELAY1MS?DELAY
    CALLER1: ?PR?ADC_ISR?MAIN
    CALLER2: ?C_C51STARTUP

*** WARNING L15: MULTIPLE CALL TO SEGMENT
    SEGMENT: ?PR?OLED_CLEAR?OLED_I2C
    CALLER1: ?PR?ADC_ISR?MAIN
    CALLER2: ?C_C51STARTUP

Program Size: data=109.1 xdata=0 code=13784
LINK/LOCATE RUN COMPLETE.  3 WARNING(S),  0 ERROR(S)
