BL51 BANKED LINKER/LOCATER V6.22.2.0                                                    01/07/2022  21:16:09  PAGE 1


BL51 BANKED LINKER/LOCATER V6.22.2.0, INVOKED BY:
C:\KEIL_V5\C51\BIN\BL51.EXE .\Objects\Common.obj, .\Objects\Delay.obj, .\Objects\main.obj, .\Objects\oled_i2c.obj, .\Obj
>> ects\STARTUP.obj TO .\Objects\Test_ADC_single PRINT (.\Listings\Test_ADC_single.m51) RAMSIZE (256) DISABLEWARNING (16
>> )


MEMORY MODEL: SMALL


INPUT MODULES INCLUDED:
  .\Objects\Common.obj (COMMON)
  .\Objects\Delay.obj (DELAY)
  .\Objects\main.obj (MAIN)
  .\Objects\oled_i2c.obj (OLED_I2C)
  .\Objects\STARTUP.obj (?C_STARTUP)
  C:\KEIL_V5\C51\LIB\C51S.LIB (?C?CLDPTR)
  C:\KEIL_V5\C51\LIB\C51S.LIB (?C?CLDOPTR)
  C:\KEIL_V5\C51\LIB\C51S.LIB (?C?ULDIV)
  C:\KEIL_V5\C51\LIB\C51S.LIB (?C?ULCMP)
  C:\KEIL_V5\C51\LIB\C51S.LIB (?C?ULSHR)
  C:\KEIL_V5\C51\LIB\C51S.LIB (?C?OFFXADD)


LINK MAP OF MODULE:  .\Objects\Test_ADC_single (COMMON)


            TYPE    BASE      LENGTH    RELOCATION   SEGMENT NAME
            -----------------------------------------------------

            * * * * * * *   D A T A   M E M O R Y   * * * * * * *
            REG     0000H     0008H     ABSOLUTE     "REG BANK 0"
            DATA    0008H     000CH     UNIT         _DATA_GROUP_
            DATA    0014H     0005H     UNIT         ?DT?_OLED_DISPLAYLOGO?OLED_I2C
            DATA    0019H     0004H     UNIT         ?DT?_INITIALUART0_TIMER3?COMMON
            DATA    001DH     0002H     UNIT         ?DT?OLED_I2C
                    001FH     0001H                  *** GAP ***
            BIT     0020H.0   0000H.1   UNIT         ?BI?DELAY
                    0020H.1   0000H.7                *** GAP ***
            DATA    0021H     0004H     UNIT         ?DT?_INITIALUART1_TIMER3?COMMON
            DATA    0025H     0004H     UNIT         ?DT?_TIMER0_DELAY100US?DELAY
            DATA    0029H     0004H     UNIT         ?DT?_TIMER0_DELAY1MS?DELAY
            DATA    002DH     0004H     UNIT         ?DT?_TIMER1_DELAY10MS?DELAY
            DATA    0031H     0004H     UNIT         ?DT?_TIMER2_DELAY500US?DELAY
            DATA    0035H     0004H     UNIT         ?DT?_TIMER3_DELAY100MS?DELAY
            DATA    0039H     0004H     UNIT         ?DT?_TIMER3_DELAY10US?DELAY
            IDATA   003DH     0001H     UNIT         ?STACK

            * * * * * * *   C O D E   M E M O R Y   * * * * * * *
            CODE    0000H     0003H     ABSOLUTE     
            CODE    0003H     03B6H     UNIT         ?CO?OLED_I2C
            CODE    03B9H     0144H     UNIT         ?C?LIB_CODE
            CODE    04FDH     0080H     UNIT         ?PR?OLED_INIT?OLED_I2C
            CODE    057DH     0076H     UNIT         ?PR?_OLEDSENDSTART?OLED_I2C
            CODE    05F3H     0069H     UNIT         ?PR?_INITIALUART0_TIMER3?COMMON
            CODE    065CH     0064H     UNIT         ?PR?_INITIALUART1_TIMER3?COMMON
            CODE    06C0H     0062H     UNIT         ?PR?OLED_CLEAR?OLED_I2C
            CODE    0722H     005CH     UNIT         ?PR?_OLED_DISPLAYCHAR?OLED_I2C
            CODE    077EH     0050H     UNIT         ?PR?_TIMER3_DELAY100MS?DELAY
BL51 BANKED LINKER/LOCATER V6.22.2.0                                                  01/07/2022  21:16:09  PAGE 2


            CODE    07CEH     0050H     UNIT         ?PR?_TIMER3_DELAY10US?DELAY
            CODE    081EH     004EH     UNIT         ?PR?_TIMER2_DELAY500US?DELAY
            CODE    086CH     004DH     UNIT         ?PR?_OLEDSENDBYTE?OLED_I2C
            CODE    08B9H     004BH     UNIT         ?PR?_TIMER0_DELAY100US?DELAY
            CODE    0904H     004BH     UNIT         ?PR?_TIMER0_DELAY1MS?DELAY
            CODE    094FH     004BH     UNIT         ?PR?_TIMER1_DELAY10MS?DELAY
            CODE    099AH     0046H     UNIT         ?PR?_OLED_SETCURSOR?OLED_I2C
            CODE    09E0H     0040H     UNIT         ?PR?_OLED_DISPLAYLOGO?OLED_I2C
            CODE    0A20H     0039H     UNIT         ?PR?_INITIALUART0_TIMER1?COMMON
            CODE    0A59H     0035H     UNIT         ?PR?MAIN?MAIN
            CODE    0A8EH     002EH     UNIT         ?CO?MAIN
            CODE    0ABCH     002CH     UNIT         ?C_C51STARTUP
            CODE    0AE8H     002BH     UNIT         ?PR?OLEDSENDSTOP?OLED_I2C
            CODE    0B13H     0025H     UNIT         ?PR?_OLED_DISPLAYSTRING?OLED_I2C
            CODE    0B38H     0016H     UNIT         ?PR?I2C_INIT?OLED_I2C
            CODE    0B4EH     0014H     UNIT         ?PR?_OLEDSENDCOMMAND?OLED_I2C
            CODE    0B62H     000CH     UNIT         ?PR?OLED_GOTONEXTLINE?OLED_I2C
            CODE    0B6EH     0008H     UNIT         ?PR?RECEIVE_DATA_FROM_UART0?COMMON
            CODE    0B76H     0008H     UNIT         ?PR?_SEND_DATA_TO_UART0?COMMON
            CODE    0B7EH     0008H     UNIT         ?PR?RECEIVE_DATA_FROM_UART1?COMMON
            CODE    0B86H     0008H     UNIT         ?PR?_SEND_DATA_TO_UART1?COMMON



OVERLAY MAP OF MODULE:   .\Objects\Test_ADC_single (COMMON)


SEGMENT                                      DATA_GROUP 
  +--> CALLED SEGMENT                      START    LENGTH
----------------------------------------------------------
?C_C51STARTUP                              -----    -----
  +--> ?PR?MAIN?MAIN

?PR?MAIN?MAIN                              -----    -----
  +--> ?PR?OLED_INIT?OLED_I2C
  +--> ?PR?_OLED_SETCURSOR?OLED_I2C
  +--> ?CO?MAIN
  +--> ?PR?_OLED_DISPLAYSTRING?OLED_I2C

?PR?OLED_INIT?OLED_I2C                     -----    -----
  +--> ?PR?_OLEDSENDCOMMAND?OLED_I2C
  +--> ?PR?OLED_CLEAR?OLED_I2C

?PR?_OLEDSENDCOMMAND?OLED_I2C              000FH    0001H
  +--> ?PR?_OLEDSENDSTART?OLED_I2C
  +--> ?PR?_OLEDSENDBYTE?OLED_I2C
  +--> ?PR?OLEDSENDSTOP?OLED_I2C

?PR?_OLEDSENDSTART?OLED_I2C                0010H    0004H
  +--> ?PR?OLEDSENDSTOP?OLED_I2C

?PR?_OLEDSENDBYTE?OLED_I2C                 -----    -----
  +--> ?PR?OLEDSENDSTOP?OLED_I2C

?PR?OLED_CLEAR?OLED_I2C                    -----    -----
  +--> ?PR?_OLEDSENDCOMMAND?OLED_I2C
  +--> ?PR?_OLEDSENDSTART?OLED_I2C
BL51 BANKED LINKER/LOCATER V6.22.2.0                                                  01/07/2022  21:16:09  PAGE 3


  +--> ?PR?_OLEDSENDBYTE?OLED_I2C

?PR?_OLED_SETCURSOR?OLED_I2C               000DH    0002H
  +--> ?PR?_OLEDSENDCOMMAND?OLED_I2C
  +--> ?PR?_OLEDSENDSTART?OLED_I2C
  +--> ?PR?_OLEDSENDBYTE?OLED_I2C

?PR?_OLED_DISPLAYSTRING?OLED_I2C           0008H    0003H
  +--> ?PR?_OLED_DISPLAYCHAR?OLED_I2C

?PR?_OLED_DISPLAYCHAR?OLED_I2C             000BH    0002H
  +--> ?PR?OLED_GOTONEXTLINE?OLED_I2C
  +--> ?CO?OLED_I2C
  +--> ?PR?_OLEDSENDBYTE?OLED_I2C

?PR?OLED_GOTONEXTLINE?OLED_I2C             -----    -----
  +--> ?PR?_OLED_SETCURSOR?OLED_I2C



SYMBOL TABLE OF MODULE:  .\Objects\Test_ADC_single (COMMON)

  VALUE           TYPE          NAME
  ----------------------------------

  -------         MODULE        COMMON
  C:0000H         SYMBOL        _ICE_DUMMY_
  D:00B1H         PUBLIC        P0M1
  D:00B3H         PUBLIC        P1M1
  D:00B2H         PUBLIC        P0M2
  D:0080H         PUBLIC        P0
  D:00B4H         PUBLIC        P1M2
  D:0090H         PUBLIC        P1
  D:00A0H         PUBLIC        P2
  D:00B0H         PUBLIC        P3
  D:00D8H         PUBLIC        PWMCON0
  D:00A8H         PUBLIC        IE
  D:00B8H         PUBLIC        IP
  B:0098H.0       PUBLIC        RI
  B:0098H.1       PUBLIC        TI
  B:00F8H.0       PUBLIC        RI_1
  B:00F8H.1       PUBLIC        TI_1
  D:0099H         PUBLIC        SBUF
  D:0087H         PUBLIC        PCON
  D:0098H         PUBLIC        SCON
  D:0089H         PUBLIC        TMOD
  D:0088H         PUBLIC        TCON
  D:009AH         PUBLIC        SBUF_1
  D:00F8H         PUBLIC        SCON_1
  D:00C6H         PUBLIC        RH3
  D:008DH         PUBLIC        TH1
  D:00C5H         PUBLIC        RL3
  C:0A20H         PUBLIC        _InitialUART0_Timer1
  C:05F3H         PUBLIC        _InitialUART0_Timer3
  C:065CH         PUBLIC        _InitialUART1_Timer3
  B:0088H.6       PUBLIC        TR1
  D:00E8H         PUBLIC        ADCCON0
BL51 BANKED LINKER/LOCATER V6.22.2.0                                                  01/07/2022  21:16:09  PAGE 4


  C:0B76H         PUBLIC        _Send_Data_To_UART0
  C:0B86H         PUBLIC        _Send_Data_To_UART1
  D:00C0H         PUBLIC        I2CON
  D:00C8H         PUBLIC        T2CON
  D:00C4H         PUBLIC        T3CON
  C:0B6EH         PUBLIC        Receive_Data_From_UART0
  C:0B7EH         PUBLIC        Receive_Data_From_UART1
  D:008EH         PUBLIC        CKCON
  D:00D0H         PUBLIC        PSW
  -------         PROC          _INITIALUART0_TIMER1
  D:0004H         SYMBOL        u32Baudrate
  C:0A20H         LINE#         23
  C:0A20H         LINE#         24
  C:0A20H         LINE#         25
  C:0A26H         LINE#         26
  C:0A2CH         LINE#         28
  C:0A2FH         LINE#         29
  C:0A32H         LINE#         31
  C:0A35H         LINE#         32
  C:0A38H         LINE#         33
  C:0A3BH         LINE#         36
  C:0A54H         LINE#         41
  C:0A56H         LINE#         42
  C:0A58H         LINE#         43
  -------         ENDPROC       _INITIALUART0_TIMER1
  -------         PROC          _INITIALUART0_TIMER3
  D:0019H         SYMBOL        u32Baudrate
  C:05F3H         LINE#         45
  C:05FBH         LINE#         46
  C:05FBH         LINE#         47
  C:0601H         LINE#         48
  C:0607H         LINE#         50
  C:060AH         LINE#         51
  C:060DH         LINE#         52
  C:0610H         LINE#         53
  C:0613H         LINE#         56
  C:063CH         LINE#         57
  C:0656H         LINE#         63
  C:0659H         LINE#         64
  C:065BH         LINE#         65
  -------         ENDPROC       _INITIALUART0_TIMER3
  -------         PROC          RECEIVE_DATA_FROM_UART0
  -------         DO            
  D:0007H         SYMBOL        c
  -------         ENDDO         
  C:0B6EH         LINE#         67
  C:0B6EH         LINE#         68
  C:0B6EH         LINE#         70
  C:0B71H         LINE#         71
  C:0B73H         LINE#         72
  C:0B75H         LINE#         73
  C:0B75H         LINE#         74
  -------         ENDPROC       RECEIVE_DATA_FROM_UART0
  -------         PROC          _SEND_DATA_TO_UART0
  D:0007H         SYMBOL        c
  C:0B76H         LINE#         76
  C:0B76H         LINE#         77
BL51 BANKED LINKER/LOCATER V6.22.2.0                                                  01/07/2022  21:16:09  PAGE 5


  C:0B76H         LINE#         78
  C:0B78H         LINE#         79
  C:0B7AH         LINE#         80
  C:0B7DH         LINE#         81
  -------         ENDPROC       _SEND_DATA_TO_UART0
  -------         PROC          _INITIALUART1_TIMER3
  D:0021H         SYMBOL        u32Baudrate
  C:065CH         LINE#         87
  C:0664H         LINE#         88
  C:0664H         LINE#         89
  C:066AH         LINE#         90
  C:0670H         LINE#         92
  C:0673H         LINE#         93
  C:0676H         LINE#         94
  C:0679H         LINE#         97
  C:06A2H         LINE#         98
  C:06BCH         LINE#         104
  C:06BFH         LINE#         105
  -------         ENDPROC       _INITIALUART1_TIMER3
  -------         PROC          RECEIVE_DATA_FROM_UART1
  -------         DO            
  D:0007H         SYMBOL        c
  -------         ENDDO         
  C:0B7EH         LINE#         107
  C:0B7EH         LINE#         108
  C:0B7EH         LINE#         111
  C:0B81H         LINE#         112
  C:0B83H         LINE#         113
  C:0B85H         LINE#         114
  C:0B85H         LINE#         115
  -------         ENDPROC       RECEIVE_DATA_FROM_UART1
  -------         PROC          _SEND_DATA_TO_UART1
  D:0007H         SYMBOL        c
  C:0B86H         LINE#         117
  C:0B86H         LINE#         118
  C:0B86H         LINE#         119
  C:0B88H         LINE#         120
  C:0B8AH         LINE#         121
  C:0B8DH         LINE#         122
  -------         ENDPROC       _SEND_DATA_TO_UART1
  -------         ENDMOD        COMMON

  -------         MODULE        DELAY
  C:0000H         SYMBOL        _ICE_DUMMY_
  D:0080H         PUBLIC        P0
  D:0090H         PUBLIC        P1
  D:00A0H         PUBLIC        P2
  C:08B9H         PUBLIC        _Timer0_Delay100us
  D:00B0H         PUBLIC        P3
  D:00D8H         PUBLIC        PWMCON0
  C:081EH         PUBLIC        _Timer2_Delay500us
  D:00A8H         PUBLIC        IE
  D:00B8H         PUBLIC        IP
  C:0904H         PUBLIC        _Timer0_Delay1ms
  B:0020H.0       PUBLIC        BIT_TMP
  D:0098H         PUBLIC        SCON
  D:0089H         PUBLIC        TMOD
BL51 BANKED LINKER/LOCATER V6.22.2.0                                                  01/07/2022  21:16:09  PAGE 6


  D:0088H         PUBLIC        TCON
  D:00F8H         PUBLIC        SCON_1
  B:0088H.5       PUBLIC        TF0
  C:094FH         PUBLIC        _Timer1_Delay10ms
  B:0088H.7       PUBLIC        TF1
  B:00C8H.7       PUBLIC        TF2
  D:008CH         PUBLIC        TH0
  D:00C6H         PUBLIC        RH3
  D:008DH         PUBLIC        TH1
  D:00CDH         PUBLIC        TH2
  D:008AH         PUBLIC        TL0
  D:00C5H         PUBLIC        RL3
  D:008BH         PUBLIC        TL1
  D:00CCH         PUBLIC        TL2
  C:07CEH         PUBLIC        _Timer3_Delay10us
  B:0088H.4       PUBLIC        TR0
  B:0088H.6       PUBLIC        TR1
  B:00C8H.2       PUBLIC        TR2
  D:00E8H         PUBLIC        ADCCON0
  D:00C0H         PUBLIC        I2CON
  D:00C9H         PUBLIC        T2MOD
  D:00C8H         PUBLIC        T2CON
  D:00C4H         PUBLIC        T3CON
  D:008EH         PUBLIC        CKCON
  D:00D0H         PUBLIC        PSW
  C:077EH         PUBLIC        _Timer3_Delay100ms
  -------         PROC          _TIMER0_DELAY100US
  D:0025H         SYMBOL        u32CNT
  C:08B9H         LINE#         22
  C:08C1H         LINE#         23
  C:08C1H         LINE#         24
  C:08C4H         LINE#         25
  C:08C7H         LINE#         26
  C:08C9H         LINE#         27
  C:08DCH         LINE#         28
  C:08DCH         LINE#         29
  C:08DFH         LINE#         30
  C:08E2H         LINE#         31
  C:08E5H         LINE#         32
  C:08E7H         LINE#         33
  C:08FFH         LINE#         34
  C:0901H         LINE#         35
  C:0903H         LINE#         36
  -------         ENDPROC       _TIMER0_DELAY100US
  -------         PROC          _TIMER0_DELAY1MS
  D:0029H         SYMBOL        u32CNT
  C:0904H         LINE#         38
  C:090CH         LINE#         39
  C:090CH         LINE#         40
  C:090FH         LINE#         41
  C:0912H         LINE#         42
  C:0914H         LINE#         43
  C:0927H         LINE#         44
  C:0927H         LINE#         45
  C:092AH         LINE#         46
  C:092DH         LINE#         47
  C:0930H         LINE#         48
BL51 BANKED LINKER/LOCATER V6.22.2.0                                                  01/07/2022  21:16:09  PAGE 7


  C:0932H         LINE#         49
  C:094AH         LINE#         50
  C:094CH         LINE#         51
  C:094EH         LINE#         52
  -------         ENDPROC       _TIMER0_DELAY1MS
  -------         PROC          _TIMER1_DELAY10MS
  D:002DH         SYMBOL        u32CNT
  C:094FH         LINE#         55
  C:0957H         LINE#         56
  C:0957H         LINE#         57
  C:095AH         LINE#         58
  C:095DH         LINE#         59
  C:095FH         LINE#         60
  C:0972H         LINE#         61
  C:0972H         LINE#         62
  C:0975H         LINE#         63
  C:0978H         LINE#         64
  C:097BH         LINE#         65
  C:097DH         LINE#         66
  C:0995H         LINE#         67
  C:0997H         LINE#         68
  C:0999H         LINE#         69
  -------         ENDPROC       _TIMER1_DELAY10MS
  -------         PROC          _TIMER2_DELAY500US
  D:0031H         SYMBOL        u32CNT
  C:081EH         LINE#         71
  C:0826H         LINE#         72
  C:0826H         LINE#         73
  C:0829H         LINE#         74
  C:082CH         LINE#         75
  C:082FH         LINE#         76
  C:0831H         LINE#         77
  C:0844H         LINE#         78
  C:0844H         LINE#         79
  C:0847H         LINE#         80
  C:084AH         LINE#         81
  C:084DH         LINE#         82
  C:084FH         LINE#         83
  C:0867H         LINE#         84
  C:0869H         LINE#         85
  C:086BH         LINE#         86
  -------         ENDPROC       _TIMER2_DELAY500US
  -------         PROC          _TIMER3_DELAY100MS
  D:0035H         SYMBOL        u32CNT
  C:077EH         LINE#         88
  C:0786H         LINE#         89
  C:0786H         LINE#         90
  C:0789H         LINE#         91
  C:078CH         LINE#         92
  C:079FH         LINE#         93
  C:079FH         LINE#         94
  C:07A2H         LINE#         95
  C:07A5H         LINE#         96
  C:07ADH         LINE#         97
  C:07B0H         LINE#         98
  C:07C8H         LINE#         99
  C:07CAH         LINE#         100
BL51 BANKED LINKER/LOCATER V6.22.2.0                                                  01/07/2022  21:16:09  PAGE 8


  C:07CDH         LINE#         101
  -------         ENDPROC       _TIMER3_DELAY100MS
  -------         PROC          _TIMER3_DELAY10US
  D:0039H         SYMBOL        u32CNT
  C:07CEH         LINE#         103
  C:07D6H         LINE#         104
  C:07D6H         LINE#         105
  C:07D9H         LINE#         106
  C:07DCH         LINE#         107
  C:07EFH         LINE#         108
  C:07EFH         LINE#         109
  C:07F2H         LINE#         110
  C:07F5H         LINE#         111
  C:07FDH         LINE#         112
  C:0800H         LINE#         113
  C:0818H         LINE#         114
  C:081AH         LINE#         115
  C:081DH         LINE#         116
  -------         ENDPROC       _TIMER3_DELAY10US
  -------         ENDMOD        DELAY

  -------         MODULE        MAIN
  C:0000H         SYMBOL        _ICE_DUMMY_
  D:0080H         PUBLIC        P0
  D:0090H         PUBLIC        P1
  D:00A0H         PUBLIC        P2
  D:00B0H         PUBLIC        P3
  D:00D8H         PUBLIC        PWMCON0
  D:00A8H         PUBLIC        IE
  D:00B8H         PUBLIC        IP
  C:0A59H         PUBLIC        main
  D:0098H         PUBLIC        SCON
  D:0088H         PUBLIC        TCON
  D:00F8H         PUBLIC        SCON_1
  D:00E8H         PUBLIC        ADCCON0
  D:00C0H         PUBLIC        I2CON
  D:00C8H         PUBLIC        T2CON
  D:00D0H         PUBLIC        PSW
  -------         PROC          MAIN
  C:0A59H         LINE#         20
  C:0A59H         LINE#         21
  C:0A59H         LINE#         22
  C:0A5CH         LINE#         23
  C:0A63H         LINE#         24
  C:0A6CH         LINE#         26
  C:0A73H         LINE#         27
  C:0A7CH         LINE#         29
  C:0A83H         LINE#         30
  C:0A8CH         LINE#         31
  C:0A8CH         LINE#         32
  C:0A8CH         LINE#         34
  -------         ENDPROC       MAIN
  -------         ENDMOD        MAIN

  -------         MODULE        OLED_I2C
  C:0000H         SYMBOL        _ICE_DUMMY_
  D:00B3H         PUBLIC        P1M1
BL51 BANKED LINKER/LOCATER V6.22.2.0                                                  01/07/2022  21:16:09  PAGE 9


  D:0080H         PUBLIC        P0
  D:00B4H         PUBLIC        P1M2
  D:0090H         PUBLIC        P1
  D:00A0H         PUBLIC        P2
  D:00B0H         PUBLIC        P3
  D:00D8H         PUBLIC        PWMCON0
  C:0003H         PUBLIC        OledFontTable
  D:00A8H         PUBLIC        IE
  D:00B8H         PUBLIC        IP
  C:04FDH         PUBLIC        OLED_Init
  B:00C0H.3       PUBLIC        SI
  C:0B62H         PUBLIC        OLED_GoToNextLine
  B:0090H.3       PUBLIC        P13
  D:0098H         PUBLIC        SCON
  C:0B38H         PUBLIC        I2C_Init
  B:0090H.4       PUBLIC        P14
  D:0088H         PUBLIC        TCON
  C:099AH         PUBLIC        _OLED_SetCursor
  D:00BDH         PUBLIC        I2STAT
  D:001DH         PUBLIC        OledCursorPos
  D:001EH         PUBLIC        OledLineNum
  C:057DH         PUBLIC        _oledSendStart
  D:00F8H         PUBLIC        SCON_1
  C:086CH         PUBLIC        _oledSendByte
  B:00C0H.6       PUBLIC        I2CEN
  D:00BCH         PUBLIC        I2DAT
  D:00BEH         PUBLIC        I2CLK
  D:00E8H         PUBLIC        ADCCON0
  C:0B13H         PUBLIC        _OLED_DisplayString
  C:0AE8H         PUBLIC        oledSendStop
  D:00C0H         PUBLIC        I2CON
  C:0722H         PUBLIC        _OLED_DisplayChar
  D:00C8H         PUBLIC        T2CON
  B:00C0H.5       PUBLIC        STA
  C:06C0H         PUBLIC        OLED_Clear
  C:09E0H         PUBLIC        _OLED_DisplayLogo
  B:00C0H.4       PUBLIC        STO
  C:0B4EH         PUBLIC        _oledSendCommand
  D:00D0H         PUBLIC        PSW
  -------         PROC          I2C_INIT
  C:0B38H         LINE#         6
  C:0B38H         LINE#         7
  C:0B38H         LINE#         8
  C:0B3BH         LINE#         11
  C:0B3EH         LINE#         12
  C:0B41H         LINE#         15
  C:0B44H         LINE#         16
  C:0B47H         LINE#         18
  C:0B49H         LINE#         19
  C:0B4BH         LINE#         21
  C:0B4DH         LINE#         22
  -------         ENDPROC       I2C_INIT
  -------         PROC          _OLEDSENDSTART
  D:0010H         SYMBOL        address
  -------         DO            
  D:0011H         SYMBOL        t
  D:0013H         SYMBOL        u8TimeOut
BL51 BANKED LINKER/LOCATER V6.22.2.0                                                  01/07/2022  21:16:09  PAGE 10


  -------         ENDDO         
  C:057DH         LINE#         24
  C:057FH         LINE#         25
  C:057FH         LINE#         28
  C:057FH         LINE#         30
  C:057FH         LINE#         33
  C:0581H         LINE#         34
  C:0583H         LINE#         35
  C:0585H         LINE#         36
  C:058BH         LINE#         37
  C:058EH         LINE#         39
  C:058EH         LINE#         40
  C:0591H         LINE#         41
  C:0591H         LINE#         42
  C:0591H         LINE#         43
  C:0597H         LINE#         44
  C:059AH         LINE#         45
  C:059CH         LINE#         46
  C:059CH         LINE#         47
  C:05A4H         LINE#         48
  C:05A6H         LINE#         50
  C:05AAH         LINE#         52
  C:05ADH         LINE#         54
  C:05ADH         LINE#         56
  C:05B4H         LINE#         58
  C:05B7H         LINE#         60
  C:05B7H         LINE#         62
  C:05B9H         LINE#         63
  C:05BBH         LINE#         64
  C:05BEH         LINE#         65
  C:05C0H         LINE#         66
  C:05C6H         LINE#         67
  C:05C9H         LINE#         68
  C:05C9H         LINE#         69
  C:05CCH         LINE#         70
  C:05CCH         LINE#         71
  C:05CCH         LINE#         72
  C:05D2H         LINE#         73
  C:05D5H         LINE#         74
  C:05D7H         LINE#         75
  C:05D7H         LINE#         76
  C:05DFH         LINE#         77
  C:05E1H         LINE#         79
  C:05E5H         LINE#         81
  C:05E8H         LINE#         83
  C:05E8H         LINE#         85
  C:05EFH         LINE#         87
  C:05F2H         LINE#         89
  C:05F2H         LINE#         90
  -------         ENDPROC       _OLEDSENDSTART
  -------         PROC          OLEDSENDSTOP
  -------         DO            
  D:0006H         SYMBOL        t
  D:0005H         SYMBOL        u8TimeOut
  -------         ENDDO         
  C:0AE8H         LINE#         92
  C:0AE8H         LINE#         93
BL51 BANKED LINKER/LOCATER V6.22.2.0                                                  01/07/2022  21:16:09  PAGE 11


  C:0AE8H         LINE#         97
  C:0AEAH         LINE#         98
  C:0AECH         LINE#         99
  C:0AEEH         LINE#         100
  C:0AF2H         LINE#         101
  C:0AF4H         LINE#         102
  C:0AF4H         LINE#         103
  C:0AFBH         LINE#         104
  C:0AFBH         LINE#         105
  C:0AFBH         LINE#         106
  C:0AFFH         LINE#         107
  C:0B01H         LINE#         108
  C:0B03H         LINE#         109
  C:0B03H         LINE#         110
  C:0B08H         LINE#         111
  C:0B0AH         LINE#         112
  C:0B12H         LINE#         113
  -------         ENDPROC       OLEDSENDSTOP
  -------         PROC          _OLEDSENDBYTE
  D:0007H         SYMBOL        ch
  -------         DO            
  D:0006H         SYMBOL        i
  D:0004H         SYMBOL        t
  D:0003H         SYMBOL        u8TimeOut
  -------         ENDDO         
  C:086CH         LINE#         115
  C:086CH         LINE#         116
  C:086CH         LINE#         121
  C:0878H         LINE#         122
  C:0886H         LINE#         123
  C:0888H         LINE#         124
  C:088CH         LINE#         125
  C:088EH         LINE#         126
  C:088EH         LINE#         127
  C:0891H         LINE#         128
  C:0891H         LINE#         129
  C:0891H         LINE#         130
  C:0895H         LINE#         131
  C:0897H         LINE#         132
  C:0899H         LINE#         133
  C:0899H         LINE#         134
  C:089EH         LINE#         135
  C:08A0H         LINE#         136
  C:08A3H         LINE#         138
  C:08A3H         LINE#         139
  C:08A5H         LINE#         140
  C:08A5H         LINE#         141
  C:08ACH         LINE#         143
  C:08AFH         LINE#         144
  C:08B2H         LINE#         145
  C:08B2H         LINE#         146
  C:08B5H         LINE#         149
  C:08B8H         LINE#         150
  -------         ENDPROC       _OLEDSENDBYTE
  -------         PROC          _OLEDSENDCOMMAND
  D:000FH         SYMBOL        cmd
  C:0B4EH         LINE#         151
BL51 BANKED LINKER/LOCATER V6.22.2.0                                                  01/07/2022  21:16:09  PAGE 12


  C:0B50H         LINE#         152
  C:0B50H         LINE#         153
  C:0B55H         LINE#         154
  C:0B5AH         LINE#         155
  C:0B5FH         LINE#         156
  -------         ENDPROC       _OLEDSENDCOMMAND
  -------         PROC          OLED_INIT
  C:04FDH         LINE#         279
  C:04FDH         LINE#         280
  C:04FDH         LINE#         281
  C:0502H         LINE#         282
  C:0507H         LINE#         283
  C:050CH         LINE#         284
  C:0511H         LINE#         285
  C:0516H         LINE#         286
  C:051BH         LINE#         287
  C:0520H         LINE#         288
  C:0525H         LINE#         289
  C:052AH         LINE#         290
  C:052FH         LINE#         291
  C:0534H         LINE#         292
  C:0539H         LINE#         293
  C:053EH         LINE#         294
  C:0543H         LINE#         295
  C:0548H         LINE#         296
  C:054DH         LINE#         297
  C:0552H         LINE#         298
  C:0557H         LINE#         299
  C:055CH         LINE#         300
  C:0561H         LINE#         301
  C:0566H         LINE#         302
  C:056BH         LINE#         303
  C:0570H         LINE#         304
  C:0575H         LINE#         305
  C:057AH         LINE#         307
  -------         ENDPROC       OLED_INIT
  -------         PROC          _OLED_DISPLAYCHAR
  D:000BH         SYMBOL        ch
  -------         DO            
  D:0002H         SYMBOL        dat
  D:000CH         SYMBOL        i
  -------         ENDDO         
  C:0722H         LINE#         324
  C:0724H         LINE#         325
  C:0724H         LINE#         326
  C:0727H         LINE#         328
  C:073FH         LINE#         329
  C:073FH         LINE#         332
  C:0742H         LINE#         333
  C:0742H         LINE#         334
  C:0748H         LINE#         335
  C:0748H         LINE#         336
  C:074EH         LINE#         338
  C:074EH         LINE#         339
  C:074EH         LINE#         340
  C:0769H         LINE#         343
  C:076DH         LINE#         344
BL51 BANKED LINKER/LOCATER V6.22.2.0                                                  01/07/2022  21:16:09  PAGE 13


  C:076FH         LINE#         346
  C:0771H         LINE#         348
  C:0777H         LINE#         349
  C:0777H         LINE#         350
  C:077BH         LINE#         351
  C:077DH         LINE#         352
  C:077DH         LINE#         353
  C:077DH         LINE#         354
  C:077DH         LINE#         355
  C:077DH         LINE#         356
  -------         ENDPROC       _OLED_DISPLAYCHAR
  -------         PROC          _OLED_DISPLAYSTRING
  D:0008H         SYMBOL        ptr
  C:0B13H         LINE#         376
  C:0B19H         LINE#         377
  C:0B19H         LINE#         378
  C:0B24H         LINE#         379
  C:0B37H         LINE#         380
  -------         ENDPROC       _OLED_DISPLAYSTRING
  -------         PROC          OLED_CLEAR
  -------         DO            
  D:0082H         SYMBOL        i
  -------         ENDDO         
  C:06C0H         LINE#         768
  C:06C0H         LINE#         769
  C:06C0H         LINE#         772
  C:06C5H         LINE#         773
  C:06CAH         LINE#         774
  C:06CFH         LINE#         776
  C:06D4H         LINE#         777
  C:06D9H         LINE#         778
  C:06DEH         LINE#         781
  C:06E3H         LINE#         782
  C:06E8H         LINE#         784
  C:06EBH         LINE#         785
  C:06EBH         LINE#         786
  C:06F0H         LINE#         787
  C:06FAH         LINE#         789
  C:06FFH         LINE#         790
  C:0704H         LINE#         791
  C:0709H         LINE#         793
  C:070EH         LINE#         794
  C:0713H         LINE#         795
  C:0718H         LINE#         797
  C:071DH         LINE#         798
  -------         ENDPROC       OLED_CLEAR
  -------         PROC          OLED_GOTONEXTLINE
  C:0B62H         LINE#         843
  C:0B62H         LINE#         844
  C:0B62H         LINE#         847
  C:0B64H         LINE#         848
  C:0B67H         LINE#         849
  -------         ENDPROC       OLED_GOTONEXTLINE
  -------         PROC          _OLED_SETCURSOR
  D:000DH         SYMBOL        lineNumber
  D:000EH         SYMBOL        cursorPosition
  C:099AH         LINE#         873
BL51 BANKED LINKER/LOCATER V6.22.2.0                                                  01/07/2022  21:16:09  PAGE 14


  C:099EH         LINE#         874
  C:099EH         LINE#         876
  C:09B1H         LINE#         877
  C:09B1H         LINE#         878
  C:09B4H         LINE#         879
  C:09B7H         LINE#         881
  C:09BCH         LINE#         882
  C:09C1H         LINE#         883
  C:09C6H         LINE#         885
  C:09CBH         LINE#         886
  C:09D0H         LINE#         887
  C:09D5H         LINE#         889
  C:09DAH         LINE#         890
  C:09DFH         LINE#         891
  C:09DFH         LINE#         892
  -------         ENDPROC       _OLED_SETCURSOR
  -------         PROC          _OLED_DISPLAYLOGO
  D:0014H         SYMBOL        ptr_Logo
  -------         DO            
  D:0017H         SYMBOL        i
  -------         ENDDO         
  C:09E0H         LINE#         910
  C:09E6H         LINE#         911
  C:09E6H         LINE#         914
  C:09ECH         LINE#         916
  C:09F1H         LINE#         917
  C:09F6H         LINE#         919
  C:09FBH         LINE#         920
  C:09FBH         LINE#         921
  C:0A0EH         LINE#         922
  C:0A1FH         LINE#         923
  -------         ENDPROC       _OLED_DISPLAYLOGO
  -------         ENDMOD        OLED_I2C

  -------         MODULE        ?C_STARTUP
  C:0ABCH         SEGMENT       ?C_C51STARTUP
  I:003DH         SEGMENT       ?STACK
  C:0000H         PUBLIC        ?C_STARTUP
  D:00E0H         SYMBOL        ACC
  D:00F0H         SYMBOL        B
  D:0083H         SYMBOL        DPH
  D:0082H         SYMBOL        DPL
  N:0000H         SYMBOL        IBPSTACK
  N:0100H         SYMBOL        IBPSTACKTOP
  N:0080H         SYMBOL        IDATALEN
  C:0AD1H         SYMBOL        IDATALOOP
  N:0000H         SYMBOL        PBPSTACK
  N:0000H         SYMBOL        PBPSTACKTOP
  N:0000H         SYMBOL        PDATALEN
  N:0000H         SYMBOL        PDATASTART
  N:0000H         SYMBOL        PPAGE
  N:0000H         SYMBOL        PPAGEENABLE
  D:00A0H         SYMBOL        PPAGE_SFR
  D:0081H         SYMBOL        SP
  C:0ABCH         SYMBOL        STARTUP1
  N:0000H         SYMBOL        XBPSTACK
  N:0000H         SYMBOL        XBPSTACKTOP
BL51 BANKED LINKER/LOCATER V6.22.2.0                                                  01/07/2022  21:16:09  PAGE 15


  N:02FFH         SYMBOL        XDATALEN
  C:0ADCH         SYMBOL        XDATALOOP
  N:0000H         SYMBOL        XDATASTART
  C:0000H         LINE#         94
  C:0ABCH         LINE#         100
  C:0ABFH         LINE#         101
  C:0AC2H         LINE#         102
  C:0AC5H         LINE#         104
  C:0AC8H         LINE#         105
  C:0ACBH         LINE#         106
  C:0ACEH         LINE#         109
  C:0AD0H         LINE#         110
  C:0AD1H         LINE#         111
  C:0AD2H         LINE#         112
  C:0AD4H         LINE#         116
  C:0AD7H         LINE#         117
  C:0AD9H         LINE#         119
  C:0ADBH         LINE#         123
  C:0ADCH         LINE#         124
  C:0ADDH         LINE#         125
  C:0ADEH         LINE#         126
  C:0AE0H         LINE#         127
  C:0AE2H         LINE#         161
  C:0AE5H         LINE#         165
  -------         ENDMOD        ?C_STARTUP

  -------         MODULE        ?C?CLDPTR
  C:03B9H         PUBLIC        ?C?CLDPTR
  -------         ENDMOD        ?C?CLDPTR

  -------         MODULE        ?C?CLDOPTR
  C:03D2H         PUBLIC        ?C?CLDOPTR
  -------         ENDMOD        ?C?CLDOPTR

  -------         MODULE        ?C?ULDIV
  C:043BH         PUBLIC        ?C?ULDIV
  -------         ENDMOD        ?C?ULDIV

  -------         MODULE        ?C?ULCMP
  C:04CDH         PUBLIC        ?C?ULCMP
  -------         ENDMOD        ?C?ULCMP

  -------         MODULE        ?C?ULSHR
  C:04DEH         PUBLIC        ?C?ULSHR
  -------         ENDMOD        ?C?ULSHR

  -------         MODULE        ?C?OFFXADD
  C:04F1H         PUBLIC        ?C?OFFXADD
  -------         ENDMOD        ?C?OFFXADD

Program Size: data=60.1 xdata=0 code=2958
LINK/LOCATE RUN COMPLETE.  0 WARNING(S),  0 ERROR(S)
