C51 COMPILER V9.60.7.0   MAIN                                                              03/11/2023 16:50:54 PAGE 1   


C51 COMPILER V9.60.7.0, COMPILATION OF MODULE MAIN
OBJECT MODULE PLACED IN .\Objects\main.obj
COMPILER INVOKED BY: C:\Keil_v5\C51\BIN\C51.EXE SRC\main.c OPTIMIZE(8,SPEED) BROWSE INCDIR(.\INC) DEFINE(FOSC_160000) DE
                    -BUG OBJECTEXTEND PRINT(.\Listings\main.lst) TABS(2) OBJECT(.\Objects\main.obj)

line level    source

   1          /*--------------------------------------------------------------------------------------------------------
             --*/
   2          /* Include File                                                                                           
             - */
   3          /*--------------------------------------------------------------------------------------------------------
             --*/
   4          #include "main.h"
   5          #include "adc.h"
   6          /*--------------------------------------------------------------------------------------------------------
             --*/
   7          /* Macro                                                                                                   */
   8          /*--------------------------------------------------------------------------------------------------------
             --*/
   9          #define DEFAULT_DELAY   1000
  10          #define DEBOUNCE_FAN    250
  11          /*--------------------------------------------------------------------------------------------------------
             --*/
  12          /* Variable                                                                                               
             - */
  13          /*--------------------------------------------------------------------------------------------------------
             --*/
  14          uint16_t u16DelayRelay;
  15          uint16_t u16AdcValue;
  16          
  17          uint8_t u8StatusPinFAN;
  18          uint8_t u8StatusPinKEYCARD;
  19          uint8_t u8StatusPinWINDOWN;
  20          
  21          uint8_t F_Case;
  22          uint8_t Is_F_Case_1;
  23          uint8_t Is_F_Case_2;
  24          uint8_t Is_F_Case_3;
  25          uint16_t u16Count;
  26          /*--------------------------------------------------------------------------------------------------------
             --*/
  27          /* Function                                                                                               
             - */
  28          /*--------------------------------------------------------------------------------------------------------
             --*/
  29          void InitGPIO(void);                
  30          void Active_Relay(uint16_t delay);
  31          void Default_Mode(void);
  32          void Update_Status_PIN(void);
  33          long map(long x, long in_min, long in_max, long out_min, long out_max);
  34          /*--------------------------------------------------------------------------------------------------------
             --*/
  35          /* Main                                                                                                   
             - */
  36          /*--------------------------------------------------------------------------------------------------------
             --*/
  37          int main()
  38          {
  39   1        //-------- Initial Peripherals--------------
  40   1        InitGPIO();
C51 COMPILER V9.60.7.0   MAIN                                                              03/11/2023 16:50:54 PAGE 2   

  41   1        RELAY_PIN = 0;
  42   1        F_Case = 0;
  43   1        Is_F_Case_1 = OFF;
  44   1        Is_F_Case_2 = OFF;
  45   1        Is_F_Case_3 = OFF;
  46   1        //--------ADC start run--------------
  47   1        ADC_Init();
  48   1        ADC_SelectChannel(4);
  49   1        ADC_StartConv();
  50   1        set_EA;
  51   1        
  52   1        while(1)
  53   1        {   
  54   2          Update_Status_PIN();
  55   2          
  56   2          /* Default case */
  57   2          if ( ( OFF == u8StatusPinFAN )
  58   2            && (NOT_INSERTED == u8StatusPinKEYCARD)
  59   2            && (CLOSED == u8StatusPinWINDOWN) ) 
  60   2          {
  61   3            Default_Mode();
  62   3          }
  63   2          
  64   2          if ( ( ON == u8StatusPinFAN )
  65   2            && (INSERTED == u8StatusPinKEYCARD)
  66   2            && (CLOSED == u8StatusPinWINDOWN) ) 
  67   2          {
  68   3            Default_Mode();
  69   3          }
  70   2          
  71   2          if ( ( OFF == u8StatusPinFAN )
  72   2            && (NOT_INSERTED == u8StatusPinKEYCARD)
  73   2            && (CLOSED == u8StatusPinWINDOWN) ) 
  74   2          {
  75   3            Default_Mode();
  76   3          }
  77   2          
  78   2          if ( ( OFF == u8StatusPinFAN )
  79   2            && (INSERTED == u8StatusPinKEYCARD)
  80   2            && (NOT_CLOSED == u8StatusPinWINDOWN) ) 
  81   2          {
  82   3            Default_Mode();
  83   3          }
  84   2          
  85   2          if ( ( ON == u8StatusPinFAN )
  86   2            && (NOT_INSERTED == u8StatusPinKEYCARD)
  87   2            && (NOT_CLOSED == u8StatusPinWINDOWN) ) 
  88   2          {
  89   3            Default_Mode();
  90   3          }
  91   2          
  92   2          /* Active case */
  93   2          
  94   2          if ( ( OFF == u8StatusPinFAN )
  95   2            && (INSERTED == u8StatusPinKEYCARD)
  96   2            && (CLOSED == u8StatusPinWINDOWN) 
  97   2              && (Is_F_Case_1 == OFF)) 
  98   2          {
  99   3            Is_F_Case_1 = ON;
 100   3            F_Case = 1;
 101   3          }
 102   2          
C51 COMPILER V9.60.7.0   MAIN                                                              03/11/2023 16:50:54 PAGE 3   

 103   2          else if ( ON == u8StatusPinFAN )
 104   2          {
 105   3            if ( ( NOT_INSERTED == u8StatusPinKEYCARD ) 
 106   3              && (CLOSED == u8StatusPinWINDOWN) 
 107   3              && (Is_F_Case_2 == OFF) )
 108   3            {
 109   4              Is_F_Case_2 = ON;
 110   4              F_Case = 2;
 111   4            }
 112   3            if ( ( INSERTED == u8StatusPinKEYCARD ) 
 113   3              && (NOT_CLOSED == u8StatusPinWINDOWN) 
 114   3              && (Is_F_Case_3 == OFF) )
 115   3            {
 116   4              Is_F_Case_3 = ON;
 117   4              F_Case = 3;
 118   4            }
 119   3          }
 120   2          else
 121   2          {
 122   3            Default_Mode();
 123   3          }
 124   2          
 125   2          switch(F_Case)
 126   2          {
 127   3            case 1:
 128   3            {
 129   4              Update_Status_PIN();
 130   4              
 131   4              if (FAN_PIN == ON) 
 132   4              {
 133   5                Timer0_Delay1ms(DEBOUNCE_FAN);
 134   5                if( FAN_PIN == ON)
 135   5                {
 136   6                  u8StatusPinFAN = FAN_PIN;
 137   6                }
 138   5              }
 139   4              
 140   4              if ( OFF == u8StatusPinFAN )
 141   4              {
 142   5                Active_Relay(u16DelayRelay);
 143   5              }
 144   4              
 145   4              u16Count = 0;
 146   4              while ( (INSERTED == u8StatusPinKEYCARD) && (CLOSED == u8StatusPinWINDOWN) )
 147   4              {
 148   5                Update_Status_PIN();
 149   5                RELAY_PIN = 0;
 150   5              }
 151   4              RELAY_PIN = 0;
 152   4              F_Case = 0;
 153   4              break;
 154   4            }
 155   3      
 156   3            case 2: 
 157   3            {
 158   4              Update_Status_PIN();
 159   4              
 160   4              if ( ON == u8StatusPinFAN )
 161   4              {
 162   5                Active_Relay(u16DelayRelay);
 163   5              }
 164   4              F_Case = 0;
C51 COMPILER V9.60.7.0   MAIN                                                              03/11/2023 16:50:54 PAGE 4   

 165   4              break;
 166   4            }
 167   3            case 3: 
 168   3            {
 169   4              Update_Status_PIN();
 170   4              
 171   4              if ( ON == u8StatusPinFAN )
 172   4              {
 173   5                Active_Relay(u16DelayRelay);
 174   5              }
 175   4              F_Case = 0;
 176   4              break;
 177   4            }
 178   3            
 179   3            default:
 180   3            {
 181   4              F_Case = 0;
 182   4              break;
 183   4            }
 184   3          } 
 185   2        }
 186   1      }
 187          
 188          /*--------------------------------------------------------------------------------------------------------
             --*/
 189          /* Init GPIO                                                                                              
             - */
 190          /*--------------------------------------------------------------------------------------------------------
             --*/
 191          void InitGPIO(void)
 192          {
 193   1          /* Keycard */
 194   1          P11_Input_Mode;     
 195   1          /* Window switch */
 196   1          P00_Input_Mode;     
 197   1          /* FAN */
 198   1          P00_Input_Mode;   
 199   1          /* RELAY */
 200   1          P03_PushPull_Mode; 
 201   1      }
 202          
 203          void Active_Relay(uint16_t delay)
 204          {
 205   1        RELAY_PIN = 1;
 206   1        Timer0_Delay1ms(delay);
 207   1        RELAY_PIN = 0;
 208   1      }
 209          
 210          void Default_Mode(void)
 211          {
 212   1        F_Case = 0;
 213   1        Is_F_Case_1 = OFF;
 214   1        Is_F_Case_2 = OFF;
 215   1        Is_F_Case_3 = OFF;
 216   1        RELAY_PIN = 0;
 217   1      }
 218          
 219          void Update_Status_PIN(void)
 220          {
 221   1        u8StatusPinFAN = FAN_PIN;
 222   1        u8StatusPinKEYCARD = KEYCARD_PIN;
 223   1        u8StatusPinWINDOWN = WINDOWN_SW_PIN;
C51 COMPILER V9.60.7.0   MAIN                                                              03/11/2023 16:50:54 PAGE 5   

 224   1      }
 225          
 226          void ADC_ISR(void) interrupt 11
 227          {
 228   1        
 229   1        u16AdcValue = ADC_GetData();
 230   1        u16DelayRelay = map(u16AdcValue , 0, 1248, 100 , 5000); 
 231   1        ADC_ClearFlag();
 232   1        ADC_StartConv();
 233   1      }
 234          
 235          long map(long x, long in_min, long in_max, long out_min, long out_max) {
 236   1        return (x - in_min) * (out_max - out_min) / (in_max - in_min) + out_min;
 237   1      }


MODULE INFORMATION:   STATIC OVERLAYABLE
   CODE SIZE        =    580    ----
   CONSTANT SIZE    =   ----    ----
   XDATA SIZE       =   ----    ----
   PDATA SIZE       =   ----    ----
   DATA SIZE        =     13      20
   IDATA SIZE       =   ----    ----
   BIT SIZE         =   ----    ----
END OF MODULE INFORMATION.


C51 COMPILATION COMPLETE.  0 WARNING(S),  0 ERROR(S)
